2026-07-13T10:39:18.012Z Bu çalıştırma için hedef vade: 31 Jul 26
2026-07-13T10:39:19.145Z [BTC] sayfaya gidiliyor: https://www.deribit.com/statistics/BTC/Metrics/Options
2026-07-13T10:39:23.786Z Tarih seçici açıldı, kullanılan selector: .base-Select-root
2026-07-13T10:39:26.789Z UYARI: "base--active" class'ı doğrulanamadı, sabit bekleme ile devam ediliyor.
2026-07-13T10:39:27.257Z Tarih seçildi: "31 Jul 26" (selector: .base-Option-root)
2026-07-13T10:39:29.761Z [BTC] Max Pain = 64000 (tarih seçimi başarılı: true)
2026-07-13T10:39:30.773Z [ETH] sayfaya gidiliyor: https://www.deribit.com/statistics/ETH/Metrics/Options
2026-07-13T10:39:34.735Z Tarih seçici açıldı, kullanılan selector: .base-Select-root
2026-07-13T10:39:37.738Z UYARI: "base--active" class'ı doğrulanamadı, sabit bekleme ile devam ediliyor.
2026-07-13T10:39:38.203Z Tarih seçildi: "31 Jul 26" (selector: .base-Option-root)
2026-07-13T10:39:40.705Z [ETH] Max Pain = 1800 (tarih seçimi başarılı: true)
2026-07-13T10:39:41.718Z [SOL] sayfaya gidiliyor: https://www.deribit.com/statistics/SOL/Metrics/Options
2026-07-13T10:39:45.830Z Tarih seçici açıldı, kullanılan selector: .base-Select-root
2026-07-13T10:39:48.832Z UYARI: "base--active" class'ı doğrulanamadı, sabit bekleme ile devam ediliyor.
2026-07-13T10:39:49.297Z Tarih seçildi: "31 Jul 26" (selector: .base-Option-root)
2026-07-13T10:39:51.800Z [SOL] Max Pain = 75 (tarih seçimi başarılı: true)
2026-07-13T10:39:52.814Z [XRP] sayfaya gidiliyor: https://www.deribit.com/statistics/XRP/Metrics/Options
2026-07-13T10:39:56.947Z Tarih seçici açıldı, kullanılan selector: .base-Select-root
2026-07-13T10:39:59.948Z UYARI: "base--active" class'ı doğrulanamadı, sabit bekleme ile devam ediliyor.
2026-07-13T10:40:00.402Z Tarih seçildi: "31 Jul 26" (selector: .base-Option-root)
2026-07-13T10:40:02.905Z [XRP] Max Pain = 1.15 (tarih seçimi başarılı: true)
2026-07-13T10:40:04.083Z 1 toplam kayıt "/home/runner/work/mxpain/mxpain/max_pain_data.json" dosyasına yazıldı.
2026-07-13T10:45:19.527Z Bu çalıştırma için hedef vade: 31 Jul 26
2026-07-13T10:45:20.482Z [BTC] sayfaya gidiliyor: https://www.deribit.com/statistics/BTC/Metrics/Options
2026-07-13T10:45:25.019Z Tarih seçici açıldı, kullanılan selector: .base-Select-root
2026-07-13T10:45:28.021Z UYARI: "base--active" class'ı doğrulanamadı, sabit bekleme ile devam ediliyor.
2026-07-13T10:45:28.485Z Tarih seçildi: "31 Jul 26" (selector: .base-Option-root)
2026-07-13T10:45:30.987Z [BTC] Max Pain = 64000 (tarih seçimi başarılı: true)
2026-07-13T10:45:31.999Z [ETH] sayfaya gidiliyor: https://www.deribit.com/statistics/ETH/Metrics/Options
2026-07-13T10:45:35.868Z Tarih seçici açıldı, kullanılan selector: .base-Select-root
2026-07-13T10:45:38.870Z UYARI: "base--active" class'ı doğrulanamadı, sabit bekleme ile devam ediliyor.
2026-07-13T10:45:39.319Z Tarih seçildi: "31 Jul 26" (selector: .base-Option-root)
2026-07-13T10:45:41.821Z [ETH] Max Pain = 1800 (tarih seçimi başarılı: true)
2026-07-13T10:45:42.836Z [SOL] sayfaya gidiliyor: https://www.deribit.com/statistics/SOL/Metrics/Options
2026-07-13T10:45:46.681Z Tarih seçici açıldı, kullanılan selector: .base-Select-root
2026-07-13T10:45:49.683Z UYARI: "base--active" class'ı doğrulanamadı, sabit bekleme ile devam ediliyor.
2026-07-13T10:45:50.129Z Tarih seçildi: "31 Jul 26" (selector: .base-Option-root)
2026-07-13T10:45:52.631Z [SOL] Max Pain = 75 (tarih seçimi başarılı: true)
2026-07-13T10:45:53.948Z [XRP] sayfaya gidiliyor: https://www.deribit.com/statistics/XRP/Metrics/Options
2026-07-13T10:45:57.778Z Tarih seçici açıldı, kullanılan selector: .base-Select-root
2026-07-13T10:46:00.780Z UYARI: "base--active" class'ı doğrulanamadı, sabit bekleme ile devam ediliyor.
2026-07-13T10:46:01.220Z Tarih seçildi: "31 Jul 26" (selector: .base-Option-root)
2026-07-13T10:46:03.722Z [XRP] Max Pain = 1.15 (tarih seçimi başarılı: true)
2026-07-13T10:46:04.795Z 1 toplam kayıt "/home/runner/work/mxpain/mxpain/solxprmxpn.json" dosyasına yazıldı.
2026-07-13T18:36:29.521Z Bu çalıştırma için hedef vade: 31 Jul 26
2026-07-13T18:36:29.567Z FATAL: Error: Failed to launch the browser process!
/root/.cache/puppeteer/chrome/linux-131.0.6778.204/chrome-linux64/chrome: error while loading shared libraries: libxkbcommon.so.0: cannot open shared object file: No such file or directory


TROUBLESHOOTING: https://pptr.dev/troubleshooting

    at Interface.onClose (/home/scraper/mxpain/node_modules/@puppeteer/browsers/lib/cjs/launch.js:314:24)
    at Interface.emit (node:events:531:35)
    at Interface.close (node:internal/readline/interface:530:10)
    at Socket.onend (node:internal/readline/interface:260:10)
    at Socket.emit (node:events:531:35)
    at endReadableNT (node:internal/streams/readable:1698:12)
    at process.processTicksAndRejections (node:internal/process/task_queues:89:21)
2026-07-13T18:37:26.098Z Bu çalıştırma için hedef vade: 31 Jul 26
2026-07-13T18:37:27.591Z [BTC] sayfaya gidiliyor: https://www.deribit.com/statistics/BTC/Metrics/Options
2026-07-13T18:37:34.771Z Tarih seçici açıldı, kullanılan selector: .base-Select-root
2026-07-13T18:37:37.777Z UYARI: "base--active" class'ı doğrulanamadı, sabit bekleme ile devam ediliyor.
2026-07-13T18:37:38.380Z Tarih seçildi: "31 Jul 26" (selector: .base-Option-root)
2026-07-13T18:37:40.887Z [BTC] Max Pain = 64000 (tarih seçimi başarılı: true)
2026-07-13T18:37:41.930Z [ETH] sayfaya gidiliyor: https://www.deribit.com/statistics/ETH/Metrics/Options
2026-07-13T18:37:48.200Z Tarih seçici açıldı, kullanılan selector: .base-Select-root
2026-07-13T18:37:51.205Z UYARI: "base--active" class'ı doğrulanamadı, sabit bekleme ile devam ediliyor.
2026-07-13T18:37:51.910Z Tarih seçildi: "31 Jul 26" (selector: .base-Option-root)
2026-07-13T18:37:54.416Z [ETH] Max Pain = 1800 (tarih seçimi başarılı: true)
2026-07-13T18:37:55.460Z [SOL] sayfaya gidiliyor: https://www.deribit.com/statistics/SOL/Metrics/Options
2026-07-13T18:38:01.483Z Tarih seçici açıldı, kullanılan selector: .base-Select-root
2026-07-13T18:38:04.500Z UYARI: "base--active" class'ı doğrulanamadı, sabit bekleme ile devam ediliyor.
2026-07-13T18:38:05.108Z Tarih seçildi: "31 Jul 26" (selector: .base-Option-root)
2026-07-13T18:38:07.613Z [SOL] Max Pain = 75 (tarih seçimi başarılı: true)
2026-07-13T18:38:08.655Z [XRP] sayfaya gidiliyor: https://www.deribit.com/statistics/XRP/Metrics/Options
2026-07-13T18:38:15.092Z Tarih seçici açıldı, kullanılan selector: .base-Select-root
2026-07-13T18:38:18.096Z UYARI: "base--active" class'ı doğrulanamadı, sabit bekleme ile devam ediliyor.
2026-07-13T18:38:18.679Z Tarih seçildi: "31 Jul 26" (selector: .base-Option-root)
2026-07-13T18:38:21.183Z [XRP] Max Pain = 1.15 (tarih seçimi başarılı: true)
2026-07-13T18:38:22.443Z 2 toplam kayıt "/home/scraper/mxpain/solxprmxpn.json" dosyasına yazıldı.
2026-07-13T18:41:07.059Z Bu çalıştırma için hedef vade: 31 Jul 26
2026-07-13T18:41:07.711Z [BTC] sayfaya gidiliyor: https://www.deribit.com/statistics/BTC/Metrics/Options
2026-07-13T18:41:14.090Z Tarih seçici açıldı, kullanılan selector: .base-Select-root
2026-07-13T18:41:17.094Z UYARI: "base--active" class'ı doğrulanamadı, sabit bekleme ile devam ediliyor.
2026-07-13T18:41:17.729Z Tarih seçildi: "31 Jul 26" (selector: .base-Option-root)
2026-07-13T18:41:20.235Z [BTC] Max Pain = 64000 (tarih seçimi başarılı: true)
2026-07-13T18:41:21.339Z [ETH] sayfaya gidiliyor: https://www.deribit.com/statistics/ETH/Metrics/Options
2026-07-13T18:41:27.332Z Tarih seçici açıldı, kullanılan selector: .base-Select-root
2026-07-13T18:41:30.337Z UYARI: "base--active" class'ı doğrulanamadı, sabit bekleme ile devam ediliyor.
2026-07-13T18:41:30.921Z Tarih seçildi: "31 Jul 26" (selector: .base-Option-root)
2026-07-13T18:41:33.428Z [ETH] Max Pain = 1800 (tarih seçimi başarılı: true)
2026-07-13T18:41:34.476Z [SOL] sayfaya gidiliyor: https://www.deribit.com/statistics/SOL/Metrics/Options
2026-07-13T18:41:41.076Z Tarih seçici açıldı, kullanılan selector: .base-Select-root
2026-07-13T18:41:44.081Z UYARI: "base--active" class'ı doğrulanamadı, sabit bekleme ile devam ediliyor.
2026-07-13T18:41:44.710Z Tarih seçildi: "31 Jul 26" (selector: .base-Option-root)
2026-07-13T18:41:47.218Z [SOL] Max Pain = 75 (tarih seçimi başarılı: true)
2026-07-13T18:41:48.265Z [XRP] sayfaya gidiliyor: https://www.deribit.com/statistics/XRP/Metrics/Options
2026-07-13T18:41:54.863Z Tarih seçici açıldı, kullanılan selector: .base-Select-root
2026-07-13T18:41:57.868Z UYARI: "base--active" class'ı doğrulanamadı, sabit bekleme ile devam ediliyor.
2026-07-13T18:41:58.587Z Tarih seçildi: "31 Jul 26" (selector: .base-Option-root)
2026-07-13T18:42:01.093Z [XRP] Max Pain = 1.15 (tarih seçimi başarılı: true)
2026-07-13T18:42:02.533Z 3 toplam kayıt "/home/scraper/mxpain/solxprmxpn.json" dosyasına yazıldı.
2026-07-13T18:44:05.474Z Bu çalıştırma için hedef vade: 31 Jul 26
2026-07-13T18:44:06.023Z [BTC] sayfaya gidiliyor: https://www.deribit.com/statistics/BTC/Metrics/Options
2026-07-13T18:44:12.460Z Tarih seçici açıldı, kullanılan selector: .base-Select-root
2026-07-13T18:44:15.465Z UYARI: "base--active" class'ı doğrulanamadı, sabit bekleme ile devam ediliyor.
2026-07-13T18:44:16.133Z Tarih seçildi: "31 Jul 26" (selector: .base-Option-root)
2026-07-13T18:44:18.639Z [BTC] Max Pain = 64000 (tarih seçimi başarılı: true)
2026-07-13T18:44:19.674Z [ETH] sayfaya gidiliyor: https://www.deribit.com/statistics/ETH/Metrics/Options
2026-07-13T18:44:25.800Z Tarih seçici açıldı, kullanılan selector: .base-Select-root
2026-07-13T18:44:28.806Z UYARI: "base--active" class'ı doğrulanamadı, sabit bekleme ile devam ediliyor.
2026-07-13T18:44:29.424Z Tarih seçildi: "31 Jul 26" (selector: .base-Option-root)
2026-07-13T18:44:31.931Z [ETH] Max Pain = 1800 (tarih seçimi başarılı: true)
2026-07-13T18:44:32.973Z [SOL] sayfaya gidiliyor: https://www.deribit.com/statistics/SOL/Metrics/Options
2026-07-13T18:44:38.934Z Tarih seçici açıldı, kullanılan selector: .base-Select-root
2026-07-13T18:44:41.941Z UYARI: "base--active" class'ı doğrulanamadı, sabit bekleme ile devam ediliyor.
2026-07-13T18:44:42.506Z Tarih seçildi: "31 Jul 26" (selector: .base-Option-root)
2026-07-13T18:44:45.013Z [SOL] Max Pain = 75 (tarih seçimi başarılı: true)
2026-07-13T18:44:46.065Z [XRP] sayfaya gidiliyor: https://www.deribit.com/statistics/XRP/Metrics/Options
2026-07-13T18:44:52.170Z Tarih seçici açıldı, kullanılan selector: .base-Select-root
2026-07-13T18:44:55.174Z UYARI: "base--active" class'ı doğrulanamadı, sabit bekleme ile devam ediliyor.
2026-07-13T18:44:55.775Z Tarih seçildi: "31 Jul 26" (selector: .base-Option-root)
2026-07-13T18:44:58.283Z [XRP] Max Pain = 1.15 (tarih seçimi başarılı: true)
2026-07-13T18:44:59.562Z 4 toplam kayıt "/home/scraper/mxpain/solxprmxpn.json" dosyasına yazıldı.
2026-07-14T04:00:02.025Z Bu çalıştırma için hedef vade: 31 Jul 26
2026-07-14T04:00:02.025Z Bu çalıştırma için hedef vade: 31 Jul 26
2026-07-14T04:00:06.447Z [BTC] sayfaya gidiliyor: https://www.deribit.com/statistics/BTC/Metrics/Options
2026-07-14T04:00:06.578Z [BTC] sayfaya gidiliyor: https://www.deribit.com/statistics/BTC/Metrics/Options
2026-07-14T04:00:19.521Z Tarih seçici açıldı, kullanılan selector: .base-Select-root
2026-07-14T04:00:20.744Z Tarih seçici açıldı, kullanılan selector: .base-Select-root
2026-07-14T04:00:22.530Z UYARI: "base--active" class'ı doğrulanamadı, sabit bekleme ile devam ediliyor.
2026-07-14T04:00:23.750Z UYARI: "base--active" class'ı doğrulanamadı, sabit bekleme ile devam ediliyor.
2026-07-14T04:00:24.498Z Tarih seçildi: "31 Jul 26" (selector: .base-Option-root)
2026-07-14T04:00:24.512Z Tarih seçildi: "31 Jul 26" (selector: .base-Option-root)
2026-07-14T04:00:27.028Z [BTC] Max Pain = 64000 (tarih seçimi başarılı: true)
2026-07-14T04:00:27.028Z [BTC] Max Pain = 64000 (tarih seçimi başarılı: true)
2026-07-14T04:00:28.129Z [ETH] sayfaya gidiliyor: https://www.deribit.com/statistics/ETH/Metrics/Options
2026-07-14T04:00:28.130Z [ETH] sayfaya gidiliyor: https://www.deribit.com/statistics/ETH/Metrics/Options
2026-07-14T04:00:36.674Z Tarih seçici açıldı, kullanılan selector: .base-Select-root
2026-07-14T04:00:37.338Z Tarih seçici açıldı, kullanılan selector: .base-Select-root
2026-07-14T04:00:39.679Z UYARI: "base--active" class'ı doğrulanamadı, sabit bekleme ile devam ediliyor.
2026-07-14T04:00:40.347Z UYARI: "base--active" class'ı doğrulanamadı, sabit bekleme ile devam ediliyor.
2026-07-14T04:00:40.388Z Tarih seçildi: "31 Jul 26" (selector: .base-Option-root)
2026-07-14T04:00:41.068Z Tarih seçildi: "31 Jul 26" (selector: .base-Option-root)
2026-07-14T04:00:42.895Z [ETH] Max Pain = 1800 (tarih seçimi başarılı: true)
2026-07-14T04:00:43.579Z [ETH] Max Pain = 1800 (tarih seçimi başarılı: true)
2026-07-14T04:00:43.932Z [SOL] sayfaya gidiliyor: https://www.deribit.com/statistics/SOL/Metrics/Options
2026-07-14T04:00:44.625Z [SOL] sayfaya gidiliyor: https://www.deribit.com/statistics/SOL/Metrics/Options
2026-07-14T04:00:52.155Z Tarih seçici açıldı, kullanılan selector: .base-Select-root
2026-07-14T04:00:52.229Z Tarih seçici açıldı, kullanılan selector: .base-Select-root
2026-07-14T04:00:55.165Z UYARI: "base--active" class'ı doğrulanamadı, sabit bekleme ile devam ediliyor.
2026-07-14T04:00:55.241Z UYARI: "base--active" class'ı doğrulanamadı, sabit bekleme ile devam ediliyor.
2026-07-14T04:00:55.736Z Tarih seçildi: "31 Jul 26" (selector: .base-Option-root)
2026-07-14T04:00:55.861Z Tarih seçildi: "31 Jul 26" (selector: .base-Option-root)
2026-07-14T04:00:58.241Z [SOL] Max Pain = 75 (tarih seçimi başarılı: true)
2026-07-14T04:00:58.368Z [SOL] Max Pain = 75 (tarih seçimi başarılı: true)
2026-07-14T04:00:59.304Z [XRP] sayfaya gidiliyor: https://www.deribit.com/statistics/XRP/Metrics/Options
2026-07-14T04:00:59.415Z [XRP] sayfaya gidiliyor: https://www.deribit.com/statistics/XRP/Metrics/Options
2026-07-14T04:01:09.249Z Tarih seçici açıldı, kullanılan selector: .base-Select-root
2026-07-14T04:01:09.398Z Tarih seçici açıldı, kullanılan selector: .base-Select-root
2026-07-14T04:01:12.266Z UYARI: "base--active" class'ı doğrulanamadı, sabit bekleme ile devam ediliyor.
2026-07-14T04:01:12.404Z UYARI: "base--active" class'ı doğrulanamadı, sabit bekleme ile devam ediliyor.
2026-07-14T04:01:12.919Z Tarih seçildi: "31 Jul 26" (selector: .base-Option-root)
2026-07-14T04:01:13.087Z Tarih seçildi: "31 Jul 26" (selector: .base-Option-root)
2026-07-14T04:01:15.424Z [XRP] Max Pain = 1.15 (tarih seçimi başarılı: true)
2026-07-14T04:01:15.591Z [XRP] Max Pain = 1.15 (tarih seçimi başarılı: true)
2026-07-14T04:01:16.753Z 5 toplam kayıt "/home/scraper/mxpain/solxprmxpn.json" dosyasına yazıldı.
2026-07-14T04:01:16.886Z 5 toplam kayıt "/home/scraper/mxpain/solxprmxpn.json" dosyasına yazıldı.
2026-07-14T06:00:02.105Z Bu çalıştırma için hedef vade: 31 Jul 26
2026-07-14T06:00:04.612Z [BTC] sayfaya gidiliyor: https://www.deribit.com/statistics/BTC/Metrics/Options
2026-07-14T06:00:15.757Z Tarih seçici açıldı, kullanılan selector: .base-Select-root
2026-07-14T06:00:18.765Z UYARI: "base--active" class'ı doğrulanamadı, sabit bekleme ile devam ediliyor.
2026-07-14T06:00:19.559Z Tarih seçildi: "31 Jul 26" (selector: .base-Option-root)
2026-07-14T06:00:22.068Z [BTC] Max Pain = 64000 (tarih seçimi başarılı: true)
2026-07-14T06:00:23.124Z [ETH] sayfaya gidiliyor: https://www.deribit.com/statistics/ETH/Metrics/Options
2026-07-14T06:00:31.415Z Tarih seçici açıldı, kullanılan selector: .base-Select-root
2026-07-14T06:00:34.422Z UYARI: "base--active" class'ı doğrulanamadı, sabit bekleme ile devam ediliyor.
2026-07-14T06:00:35.108Z Tarih seçildi: "31 Jul 26" (selector: .base-Option-root)
2026-07-14T06:00:37.617Z [ETH] Max Pain = 1800 (tarih seçimi başarılı: true)
2026-07-14T06:00:38.663Z [SOL] sayfaya gidiliyor: https://www.deribit.com/statistics/SOL/Metrics/Options
2026-07-14T06:00:46.927Z Tarih seçici açıldı, kullanılan selector: .base-Select-root
2026-07-14T06:00:49.932Z UYARI: "base--active" class'ı doğrulanamadı, sabit bekleme ile devam ediliyor.
2026-07-14T06:00:50.614Z Tarih seçildi: "31 Jul 26" (selector: .base-Option-root)
2026-07-14T06:00:53.121Z [SOL] Max Pain = 75 (tarih seçimi başarılı: true)
2026-07-14T06:00:54.155Z [XRP] sayfaya gidiliyor: https://www.deribit.com/statistics/XRP/Metrics/Options
2026-07-14T06:01:01.653Z Tarih seçici açıldı, kullanılan selector: .base-Select-root
2026-07-14T06:01:04.672Z UYARI: "base--active" class'ı doğrulanamadı, sabit bekleme ile devam ediliyor.
2026-07-14T06:01:05.577Z Tarih seçildi: "31 Jul 26" (selector: .base-Option-root)
2026-07-14T06:01:08.085Z [XRP] Max Pain = 1.15 (tarih seçimi başarılı: true)
2026-07-14T06:01:09.481Z 6 toplam kayıt "/home/scraper/mxpain/solxprmxpn.json" dosyasına yazıldı.
2026-07-14T08:33:55.792Z Bu çalıştırma için hedef vade: 31 Jul 26
2026-07-14T08:33:57.201Z [BTC] sayfaya gidiliyor: https://www.deribit.com/statistics/BTC/Metrics/Options
2026-07-14T08:34:02.602Z Tarih seçici açıldı, kullanılan selector: .base-Select-root
2026-07-14T08:34:05.604Z UYARI: "base--active" class'ı doğrulanamadı, sabit bekleme ile devam ediliyor.
2026-07-14T08:34:06.056Z Tarih seçildi: "31 Jul 26" (selector: .base-Option-root)
2026-07-14T08:34:08.558Z [BTC] Max Pain = 64000 (tarih seçimi başarılı: true)
2026-07-14T08:34:09.571Z [ETH] sayfaya gidiliyor: https://www.deribit.com/statistics/ETH/Metrics/Options
2026-07-14T08:34:13.515Z Tarih seçici açıldı, kullanılan selector: .base-Select-root
2026-07-14T08:34:16.517Z UYARI: "base--active" class'ı doğrulanamadı, sabit bekleme ile devam ediliyor.
2026-07-14T08:34:16.967Z Tarih seçildi: "31 Jul 26" (selector: .base-Option-root)
2026-07-14T08:34:19.468Z [ETH] Max Pain = 1800 (tarih seçimi başarılı: true)
2026-07-14T08:34:20.480Z [SOL] sayfaya gidiliyor: https://www.deribit.com/statistics/SOL/Metrics/Options
2026-07-14T08:34:24.361Z Tarih seçici açıldı, kullanılan selector: .base-Select-root
2026-07-14T08:34:27.364Z UYARI: "base--active" class'ı doğrulanamadı, sabit bekleme ile devam ediliyor.
2026-07-14T08:34:27.815Z Tarih seçildi: "31 Jul 26" (selector: .base-Option-root)
2026-07-14T08:34:30.317Z [SOL] Max Pain = 75 (tarih seçimi başarılı: true)
2026-07-14T08:34:31.332Z [XRP] sayfaya gidiliyor: https://www.deribit.com/statistics/XRP/Metrics/Options
2026-07-14T08:34:35.066Z Tarih seçici açıldı, kullanılan selector: .base-Select-root
2026-07-14T08:34:38.068Z UYARI: "base--active" class'ı doğrulanamadı, sabit bekleme ile devam ediliyor.
2026-07-14T08:34:38.514Z Tarih seçildi: "31 Jul 26" (selector: .base-Option-root)
2026-07-14T08:34:41.015Z [XRP] Max Pain = 1.15 (tarih seçimi başarılı: true)
2026-07-14T08:34:42.083Z 7 toplam kayıt "/home/runner/work/mxpain/mxpain/solxprmxpn.json" dosyasına yazıldı.
2026-07-15T07:44:35.361Z Bu çalıştırma için hedef vade: 31 Jul 26
2026-07-15T07:44:36.042Z [BTC] sayfaya gidiliyor: https://www.deribit.com/statistics/BTC/Metrics/Options
2026-07-15T07:44:43.237Z Tarih seçici açıldı, kullanılan selector: .base-Select-root
2026-07-15T07:44:46.247Z UYARI: "base--active" class'ı doğrulanamadı, sabit bekleme ile devam ediliyor.
2026-07-15T07:44:47.200Z Tarih seçildi: "31 Jul 26" (selector: .base-Option-root)
2026-07-15T07:44:49.707Z [BTC] Max Pain = 64000 (tarih seçimi başarılı: true)
2026-07-15T07:44:50.752Z [ETH] sayfaya gidiliyor: https://www.deribit.com/statistics/ETH/Metrics/Options
2026-07-15T07:44:58.613Z Tarih seçici açıldı, kullanılan selector: .base-Select-root
2026-07-15T07:45:01.636Z UYARI: "base--active" class'ı doğrulanamadı, sabit bekleme ile devam ediliyor.
2026-07-15T07:45:03.594Z Tarih seçildi: "31 Jul 26" (selector: .base-Option-root)
2026-07-15T07:45:06.138Z [ETH] Max Pain = 1800 (tarih seçimi başarılı: true)
2026-07-15T07:45:07.233Z [SOL] sayfaya gidiliyor: https://www.deribit.com/statistics/SOL/Metrics/Options
2026-07-15T07:45:14.802Z Tarih seçici açıldı, kullanılan selector: .base-Select-root
2026-07-15T07:45:17.807Z UYARI: "base--active" class'ı doğrulanamadı, sabit bekleme ile devam ediliyor.
2026-07-15T07:45:18.535Z Tarih seçildi: "31 Jul 26" (selector: .base-Option-root)
2026-07-15T07:45:21.052Z [SOL] Max Pain = 75 (tarih seçimi başarılı: true)
2026-07-15T07:45:22.125Z [XRP] sayfaya gidiliyor: https://www.deribit.com/statistics/XRP/Metrics/Options
2026-07-15T07:45:31.261Z Tarih seçici açıldı, kullanılan selector: .base-Select-root
2026-07-15T07:45:34.309Z UYARI: "base--active" class'ı doğrulanamadı, sabit bekleme ile devam ediliyor.
2026-07-15T07:45:35.125Z Tarih seçildi: "31 Jul 26" (selector: .base-Option-root)
2026-07-15T07:45:37.633Z [XRP] Max Pain = 1.15 (tarih seçimi başarılı: true)
2026-07-15T07:45:38.961Z 8 toplam kayıt "/home/scraper/mxpain/solxprmxpn.json" dosyasına yazıldı.
2026-07-15T07:55:55.296Z Bu çalıştırma için hedef vade: 31 Jul 26
2026-07-15T07:55:55.954Z [BTC] sayfaya gidiliyor: https://www.deribit.com/statistics/BTC/Metrics/Options
2026-07-15T07:56:04.770Z Tarih seçici açıldı, kullanılan selector: .base-Select-root
2026-07-15T07:56:07.779Z UYARI: "base--active" class'ı doğrulanamadı, sabit bekleme ile devam ediliyor.
2026-07-15T07:56:08.503Z Tarih seçildi: "31 Jul 26" (selector: .base-Option-root)
2026-07-15T07:56:11.008Z [BTC] Max Pain = 64000 (tarih seçimi başarılı: true)
2026-07-15T07:56:12.063Z [ETH] sayfaya gidiliyor: https://www.deribit.com/statistics/ETH/Metrics/Options
2026-07-15T07:56:20.315Z Tarih seçici açıldı, kullanılan selector: .base-Select-root
2026-07-15T07:56:23.320Z UYARI: "base--active" class'ı doğrulanamadı, sabit bekleme ile devam ediliyor.
2026-07-15T07:56:24.071Z Tarih seçildi: "31 Jul 26" (selector: .base-Option-root)
2026-07-15T07:56:26.580Z [ETH] Max Pain = 1800 (tarih seçimi başarılı: true)
2026-07-15T07:56:27.616Z [SOL] sayfaya gidiliyor: https://www.deribit.com/statistics/SOL/Metrics/Options
2026-07-15T07:56:34.734Z Tarih seçici açıldı, kullanılan selector: .base-Select-root
2026-07-15T07:56:37.737Z UYARI: "base--active" class'ı doğrulanamadı, sabit bekleme ile devam ediliyor.
2026-07-15T07:56:38.369Z Tarih seçildi: "31 Jul 26" (selector: .base-Option-root)
2026-07-15T07:56:40.876Z [SOL] Max Pain = 75 (tarih seçimi başarılı: true)
2026-07-15T07:56:41.929Z [XRP] sayfaya gidiliyor: https://www.deribit.com/statistics/XRP/Metrics/Options
2026-07-15T07:56:49.455Z Tarih seçici açıldı, kullanılan selector: .base-Select-root
2026-07-15T07:56:52.460Z UYARI: "base--active" class'ı doğrulanamadı, sabit bekleme ile devam ediliyor.
2026-07-15T07:56:53.089Z Tarih seçildi: "31 Jul 26" (selector: .base-Option-root)
2026-07-15T07:56:55.596Z [XRP] Max Pain = 1.15 (tarih seçimi başarılı: true)
2026-07-15T07:56:56.916Z 1 toplam kayıt "/home/scraper/mxpain/solxprmxpn.json" dosyasına yazıldı.
2026-07-15T08:41:09.449Z Bu çalıştırma için hedef vade: 31 Jul 26
2026-07-15T08:41:09.900Z [BTC] sayfaya gidiliyor: https://www.deribit.com/statistics/BTC/Metrics/Options
2026-07-15T08:41:14.033Z Tarih seçici açıldı, kullanılan selector: .base-Select-root
2026-07-15T08:41:17.035Z UYARI: "base--active" class'ı doğrulanamadı, sabit bekleme ile devam ediliyor.
2026-07-15T08:41:17.507Z Tarih seçildi: "31 Jul 26" (selector: .base-Option-root)
2026-07-15T08:41:20.010Z [BTC] Max Pain = 64000 (tarih seçimi başarılı: true)
2026-07-15T08:41:21.023Z [ETH] sayfaya gidiliyor: https://www.deribit.com/statistics/ETH/Metrics/Options
2026-07-15T08:41:24.811Z Tarih seçici açıldı, kullanılan selector: .base-Select-root
2026-07-15T08:41:27.814Z UYARI: "base--active" class'ı doğrulanamadı, sabit bekleme ile devam ediliyor.
2026-07-15T08:41:28.281Z Tarih seçildi: "31 Jul 26" (selector: .base-Option-root)
2026-07-15T08:41:30.783Z [ETH] Max Pain = 1800 (tarih seçimi başarılı: true)
2026-07-15T08:41:31.794Z [SOL] sayfaya gidiliyor: https://www.deribit.com/statistics/SOL/Metrics/Options
2026-07-15T08:41:35.579Z Tarih seçici açıldı, kullanılan selector: .base-Select-root
2026-07-15T08:41:38.581Z UYARI: "base--active" class'ı doğrulanamadı, sabit bekleme ile devam ediliyor.
2026-07-15T08:41:39.041Z Tarih seçildi: "31 Jul 26" (selector: .base-Option-root)
2026-07-15T08:41:41.544Z [SOL] Max Pain = 75 (tarih seçimi başarılı: true)
2026-07-15T08:41:42.558Z [XRP] sayfaya gidiliyor: https://www.deribit.com/statistics/XRP/Metrics/Options
2026-07-15T08:41:46.342Z Tarih seçici açıldı, kullanılan selector: .base-Select-root
2026-07-15T08:41:49.344Z UYARI: "base--active" class'ı doğrulanamadı, sabit bekleme ile devam ediliyor.
2026-07-15T08:41:49.800Z Tarih seçildi: "31 Jul 26" (selector: .base-Option-root)
2026-07-15T08:41:52.302Z [XRP] Max Pain = 1.15 (tarih seçimi başarılı: true)
2026-07-15T08:41:53.400Z 1 toplam kayıt "/home/runner/work/mxpain/mxpain/solxprmxpn.json" dosyasına yazıldı.
2026-07-16T06:00:09.359Z Bu çalıştırma için hedef vade: 31 Jul 26
2026-07-16T06:00:15.742Z [BTC] sayfaya gidiliyor: https://www.deribit.com/statistics/BTC/Metrics/Options
2026-07-16T06:00:30.704Z Tarih seçici açıldı, kullanılan selector: .base-Select-root
2026-07-16T06:00:33.719Z UYARI: "base--active" class'ı doğrulanamadı, sabit bekleme ile devam ediliyor.
2026-07-16T06:00:34.569Z Tarih seçildi: "31 Jul 26" (selector: .base-Option-root)
2026-07-16T06:00:37.077Z [BTC] Max Pain = 64000 (tarih seçimi başarılı: true)
2026-07-16T06:00:38.136Z [ETH] sayfaya gidiliyor: https://www.deribit.com/statistics/ETH/Metrics/Options
2026-07-16T06:00:48.034Z Tarih seçici açıldı, kullanılan selector: .base-Select-root
2026-07-16T06:00:51.042Z UYARI: "base--active" class'ı doğrulanamadı, sabit bekleme ile devam ediliyor.
2026-07-16T06:00:51.710Z Tarih seçildi: "31 Jul 26" (selector: .base-Option-root)
2026-07-16T06:00:54.246Z [ETH] Max Pain = 1800 (tarih seçimi başarılı: true)
2026-07-16T06:00:55.331Z [SOL] sayfaya gidiliyor: https://www.deribit.com/statistics/SOL/Metrics/Options
2026-07-16T06:01:08.813Z Tarih seçici açıldı, kullanılan selector: .base-Select-root
2026-07-16T06:01:11.823Z UYARI: "base--active" class'ı doğrulanamadı, sabit bekleme ile devam ediliyor.
2026-07-16T06:01:12.727Z Tarih seçildi: "31 Jul 26" (selector: .base-Option-root)
2026-07-16T06:01:15.240Z [SOL] Max Pain = 75 (tarih seçimi başarılı: true)
2026-07-16T06:01:16.377Z [XRP] sayfaya gidiliyor: https://www.deribit.com/statistics/XRP/Metrics/Options
2026-07-16T06:01:25.580Z Tarih seçici açıldı, kullanılan selector: .base-Select-root
2026-07-16T06:01:28.587Z UYARI: "base--active" class'ı doğrulanamadı, sabit bekleme ile devam ediliyor.
2026-07-16T06:01:29.219Z Tarih seçildi: "31 Jul 26" (selector: .base-Option-root)
2026-07-16T06:01:31.739Z [XRP] Max Pain = 1.15 (tarih seçimi başarılı: true)
2026-07-16T06:01:33.294Z 1 toplam kayıt "/home/scraper/mxpain/solxprmxpn.json" dosyasına yazıldı.
2026-07-16T08:39:44.335Z Bu çalıştırma için hedef vade: 31 Jul 26
2026-07-16T08:39:44.632Z [BTC] sayfaya gidiliyor: https://www.deribit.com/statistics/BTC/Metrics/Options
2026-07-16T08:39:48.653Z Tarih seçici açıldı, kullanılan selector: .base-Select-root
2026-07-16T08:39:51.655Z UYARI: "base--active" class'ı doğrulanamadı, sabit bekleme ile devam ediliyor.
2026-07-16T08:39:52.120Z Tarih seçildi: "31 Jul 26" (selector: .base-Option-root)
2026-07-16T08:39:54.623Z [BTC] Max Pain = 64000 (tarih seçimi başarılı: true)
2026-07-16T08:39:55.637Z [ETH] sayfaya gidiliyor: https://www.deribit.com/statistics/ETH/Metrics/Options
2026-07-16T08:39:59.404Z Tarih seçici açıldı, kullanılan selector: .base-Select-root
2026-07-16T08:40:02.406Z UYARI: "base--active" class'ı doğrulanamadı, sabit bekleme ile devam ediliyor.
2026-07-16T08:40:02.868Z Tarih seçildi: "31 Jul 26" (selector: .base-Option-root)
2026-07-16T08:40:05.370Z [ETH] Max Pain = 1800 (tarih seçimi başarılı: true)
2026-07-16T08:40:06.382Z [SOL] sayfaya gidiliyor: https://www.deribit.com/statistics/SOL/Metrics/Options
2026-07-16T08:40:10.117Z Tarih seçici açıldı, kullanılan selector: .base-Select-root
2026-07-16T08:40:13.119Z UYARI: "base--active" class'ı doğrulanamadı, sabit bekleme ile devam ediliyor.
2026-07-16T08:40:13.576Z Tarih seçildi: "31 Jul 26" (selector: .base-Option-root)
2026-07-16T08:40:16.079Z [SOL] Max Pain = 75 (tarih seçimi başarılı: true)
2026-07-16T08:40:17.094Z [XRP] sayfaya gidiliyor: https://www.deribit.com/statistics/XRP/Metrics/Options
2026-07-16T08:40:20.849Z Tarih seçici açıldı, kullanılan selector: .base-Select-root
2026-07-16T08:40:23.850Z UYARI: "base--active" class'ı doğrulanamadı, sabit bekleme ile devam ediliyor.
2026-07-16T08:40:24.303Z Tarih seçildi: "31 Jul 26" (selector: .base-Option-root)
2026-07-16T08:40:26.804Z [XRP] Max Pain = 1.15 (tarih seçimi başarılı: true)
2026-07-16T08:40:27.880Z 1 toplam kayıt "/home/runner/work/mxpain/mxpain/solxprmxpn.json" dosyasına yazıldı.
2026-07-17T06:00:04.723Z Bu çalıştırma için hedef vade: 31 Jul 26
2026-07-17T06:00:08.447Z [BTC] sayfaya gidiliyor: https://www.deribit.com/statistics/BTC/Metrics/Options
2026-07-17T06:00:18.344Z Tarih seçici açıldı, kullanılan selector: .base-Select-root
2026-07-17T06:00:21.350Z UYARI: "base--active" class'ı doğrulanamadı, sabit bekleme ile devam ediliyor.
2026-07-17T06:00:22.326Z Tarih seçildi: "31 Jul 26" (selector: .base-Option-root)
2026-07-17T06:00:24.843Z [BTC] Max Pain = 64000 (tarih seçimi başarılı: true)
2026-07-17T06:00:25.957Z [ETH] sayfaya gidiliyor: https://www.deribit.com/statistics/ETH/Metrics/Options
2026-07-17T06:00:34.091Z Tarih seçici açıldı, kullanılan selector: .base-Select-root
2026-07-17T06:00:37.098Z UYARI: "base--active" class'ı doğrulanamadı, sabit bekleme ile devam ediliyor.
2026-07-17T06:00:37.773Z Tarih seçildi: "31 Jul 26" (selector: .base-Option-root)
2026-07-17T06:00:40.282Z [ETH] Max Pain = 1800 (tarih seçimi başarılı: true)
2026-07-17T06:00:41.319Z [SOL] sayfaya gidiliyor: https://www.deribit.com/statistics/SOL/Metrics/Options
2026-07-17T06:00:49.210Z Tarih seçici açıldı, kullanılan selector: .base-Select-root
2026-07-17T06:00:52.217Z UYARI: "base--active" class'ı doğrulanamadı, sabit bekleme ile devam ediliyor.
2026-07-17T06:00:53.094Z Tarih seçildi: "31 Jul 26" (selector: .base-Option-root)
2026-07-17T06:00:55.599Z [SOL] Max Pain = 75 (tarih seçimi başarılı: true)
2026-07-17T06:00:56.648Z [XRP] sayfaya gidiliyor: https://www.deribit.com/statistics/XRP/Metrics/Options
2026-07-17T06:01:08.134Z Tarih seçici açıldı, kullanılan selector: button.base-Select-root
2026-07-17T06:01:11.140Z UYARI: "base--active" class'ı doğrulanamadı, sabit bekleme ile devam ediliyor.
2026-07-17T06:01:11.748Z Tarih seçildi: "31 Jul 26" (selector: .base-Option-root)
2026-07-17T06:01:14.256Z [XRP] Max Pain = 1.15 (tarih seçimi başarılı: true)
2026-07-17T06:01:15.912Z 1 toplam kayıt "/home/scraper/mxpain/solxprmxpn.json" dosyasına yazıldı.
2026-07-17T08:33:17.747Z Bu çalıştırma için hedef vade: 31 Jul 26
2026-07-17T08:33:18.232Z [BTC] sayfaya gidiliyor: https://www.deribit.com/statistics/BTC/Metrics/Options
2026-07-17T08:33:22.372Z Tarih seçici açıldı, kullanılan selector: .base-Select-root
2026-07-17T08:33:25.374Z UYARI: "base--active" class'ı doğrulanamadı, sabit bekleme ile devam ediliyor.
2026-07-17T08:33:25.844Z Tarih seçildi: "31 Jul 26" (selector: .base-Option-root)
2026-07-17T08:33:28.347Z [BTC] Max Pain = 64000 (tarih seçimi başarılı: true)
2026-07-17T08:33:29.360Z [ETH] sayfaya gidiliyor: https://www.deribit.com/statistics/ETH/Metrics/Options
2026-07-17T08:33:33.186Z Tarih seçici açıldı, kullanılan selector: .base-Select-root
2026-07-17T08:33:36.188Z UYARI: "base--active" class'ı doğrulanamadı, sabit bekleme ile devam ediliyor.
2026-07-17T08:33:36.652Z Tarih seçildi: "31 Jul 26" (selector: .base-Option-root)
2026-07-17T08:33:39.155Z [ETH] Max Pain = 1800 (tarih seçimi başarılı: true)
2026-07-17T08:33:40.167Z [SOL] sayfaya gidiliyor: https://www.deribit.com/statistics/SOL/Metrics/Options
2026-07-17T08:33:43.950Z Tarih seçici açıldı, kullanılan selector: .base-Select-root
2026-07-17T08:33:46.952Z UYARI: "base--active" class'ı doğrulanamadı, sabit bekleme ile devam ediliyor.
2026-07-17T08:33:47.416Z Tarih seçildi: "31 Jul 26" (selector: .base-Option-root)
2026-07-17T08:33:49.918Z [SOL] Max Pain = 75 (tarih seçimi başarılı: true)
2026-07-17T08:33:50.934Z [XRP] sayfaya gidiliyor: https://www.deribit.com/statistics/XRP/Metrics/Options
2026-07-17T08:33:54.733Z Tarih seçici açıldı, kullanılan selector: .base-Select-root
2026-07-17T08:33:57.734Z UYARI: "base--active" class'ı doğrulanamadı, sabit bekleme ile devam ediliyor.
2026-07-17T08:33:58.185Z Tarih seçildi: "31 Jul 26" (selector: .base-Option-root)
2026-07-17T08:34:00.688Z [XRP] Max Pain = 1.15 (tarih seçimi başarılı: true)
2026-07-17T08:34:01.794Z 1 toplam kayıt "/home/runner/work/mxpain/mxpain/solxprmxpn.json" dosyasına yazıldı.
2026-07-18T06:00:04.018Z Bu çalıştırma için hedef vade: 31 Jul 26
2026-07-18T06:00:06.574Z [BTC] sayfaya gidiliyor: https://www.deribit.com/statistics/BTC/Metrics/Options
2026-07-18T06:00:14.602Z Tarih seçici açıldı, kullanılan selector: .base-Select-root
2026-07-18T06:00:17.615Z UYARI: "base--active" class'ı doğrulanamadı, sabit bekleme ile devam ediliyor.
2026-07-18T06:00:18.380Z Tarih seçildi: "31 Jul 26" (selector: .base-Option-root)
2026-07-18T06:00:20.887Z [BTC] Max Pain = 64000 (tarih seçimi başarılı: true)
2026-07-18T06:00:21.942Z [ETH] sayfaya gidiliyor: https://www.deribit.com/statistics/ETH/Metrics/Options
2026-07-18T06:00:29.033Z Tarih seçici açıldı, kullanılan selector: .base-Select-root
2026-07-18T06:00:32.038Z UYARI: "base--active" class'ı doğrulanamadı, sabit bekleme ile devam ediliyor.
2026-07-18T06:00:32.771Z Tarih seçildi: "31 Jul 26" (selector: .base-Option-root)
2026-07-18T06:00:35.279Z [ETH] Max Pain = 1800 (tarih seçimi başarılı: true)
2026-07-18T06:00:36.333Z [SOL] sayfaya gidiliyor: https://www.deribit.com/statistics/SOL/Metrics/Options
2026-07-18T06:00:43.484Z Tarih seçici açıldı, kullanılan selector: .base-Select-root
2026-07-18T06:00:46.492Z UYARI: "base--active" class'ı doğrulanamadı, sabit bekleme ile devam ediliyor.
2026-07-18T06:00:47.089Z Tarih seçildi: "31 Jul 26" (selector: .base-Option-root)
2026-07-18T06:00:49.595Z [SOL] Max Pain = 75 (tarih seçimi başarılı: true)
2026-07-18T06:00:50.647Z [XRP] sayfaya gidiliyor: https://www.deribit.com/statistics/XRP/Metrics/Options
2026-07-18T06:00:57.231Z Tarih seçici açıldı, kullanılan selector: .base-Select-root
2026-07-18T06:01:00.241Z UYARI: "base--active" class'ı doğrulanamadı, sabit bekleme ile devam ediliyor.
2026-07-18T06:01:01.148Z Tarih seçildi: "31 Jul 26" (selector: .base-Option-root)
2026-07-18T06:01:03.669Z [XRP] Max Pain = 1.15 (tarih seçimi başarılı: true)
2026-07-18T06:01:05.041Z 1 toplam kayıt "/home/scraper/mxpain/solxprmxpn.json" dosyasına yazıldı.
2026-07-18T08:16:20.539Z Bu çalıştırma için hedef vade: 31 Jul 26
2026-07-18T08:16:20.849Z [BTC] sayfaya gidiliyor: https://www.deribit.com/statistics/BTC/Metrics/Options
2026-07-18T08:16:25.693Z Tarih seçici açıldı, kullanılan selector: .base-Select-root
2026-07-18T08:16:28.695Z UYARI: "base--active" class'ı doğrulanamadı, sabit bekleme ile devam ediliyor.
2026-07-18T08:16:29.163Z Tarih seçildi: "31 Jul 26" (selector: .base-Option-root)
2026-07-18T08:16:31.665Z [BTC] Max Pain = 64000 (tarih seçimi başarılı: true)
2026-07-18T08:16:32.677Z [ETH] sayfaya gidiliyor: https://www.deribit.com/statistics/ETH/Metrics/Options
2026-07-18T08:16:36.810Z Tarih seçici açıldı, kullanılan selector: .base-Select-root
2026-07-18T08:16:39.811Z UYARI: "base--active" class'ı doğrulanamadı, sabit bekleme ile devam ediliyor.
2026-07-18T08:16:40.272Z Tarih seçildi: "31 Jul 26" (selector: .base-Option-root)
2026-07-18T08:16:42.774Z [ETH] Max Pain = 1800 (tarih seçimi başarılı: true)
2026-07-18T08:16:43.786Z [SOL] sayfaya gidiliyor: https://www.deribit.com/statistics/SOL/Metrics/Options
2026-07-18T08:16:47.873Z Tarih seçici açıldı, kullanılan selector: .base-Select-root
2026-07-18T08:16:50.876Z UYARI: "base--active" class'ı doğrulanamadı, sabit bekleme ile devam ediliyor.
2026-07-18T08:16:51.334Z Tarih seçildi: "31 Jul 26" (selector: .base-Option-root)
2026-07-18T08:16:53.837Z [SOL] Max Pain = 75 (tarih seçimi başarılı: true)
2026-07-18T08:16:54.852Z [XRP] sayfaya gidiliyor: https://www.deribit.com/statistics/XRP/Metrics/Options
2026-07-18T08:16:58.955Z Tarih seçici açıldı, kullanılan selector: .base-Select-root
2026-07-18T08:17:01.957Z UYARI: "base--active" class'ı doğrulanamadı, sabit bekleme ile devam ediliyor.
2026-07-18T08:17:02.408Z Tarih seçildi: "31 Jul 26" (selector: .base-Option-root)
2026-07-18T08:17:04.911Z [XRP] Max Pain = 1.15 (tarih seçimi başarılı: true)
2026-07-18T08:17:05.986Z 1 toplam kayıt "/home/runner/work/mxpain/mxpain/solxprmxpn.json" dosyasına yazıldı.
2026-07-19T06:00:04.080Z Bu çalıştırma için hedef vade: 31 Jul 26
2026-07-19T06:00:07.315Z [BTC] sayfaya gidiliyor: https://www.deribit.com/statistics/BTC/Metrics/Options
2026-07-19T06:00:17.918Z Tarih seçici açıldı, kullanılan selector: .base-Select-root
2026-07-19T06:00:20.922Z UYARI: "base--active" class'ı doğrulanamadı, sabit bekleme ile devam ediliyor.
2026-07-19T06:00:21.772Z Tarih seçildi: "31 Jul 26" (selector: .base-Option-root)
2026-07-19T06:00:24.282Z [BTC] Max Pain = 64000 (tarih seçimi başarılı: true)
2026-07-19T06:00:25.348Z [ETH] sayfaya gidiliyor: https://www.deribit.com/statistics/ETH/Metrics/Options
2026-07-19T06:00:32.326Z Tarih seçici açıldı, kullanılan selector: .base-Select-root
2026-07-19T06:00:35.332Z UYARI: "base--active" class'ı doğrulanamadı, sabit bekleme ile devam ediliyor.
2026-07-19T06:00:36.066Z Tarih seçildi: "31 Jul 26" (selector: .base-Option-root)
2026-07-19T06:00:38.573Z [ETH] Max Pain = 1800 (tarih seçimi başarılı: true)
2026-07-19T06:00:39.617Z [SOL] sayfaya gidiliyor: https://www.deribit.com/statistics/SOL/Metrics/Options
2026-07-19T06:00:46.195Z Tarih seçici açıldı, kullanılan selector: .base-Select-root
2026-07-19T06:00:49.203Z UYARI: "base--active" class'ı doğrulanamadı, sabit bekleme ile devam ediliyor.
2026-07-19T06:00:49.872Z Tarih seçildi: "31 Jul 26" (selector: .base-Option-root)
2026-07-19T06:00:52.376Z [SOL] Max Pain = 75 (tarih seçimi başarılı: true)
2026-07-19T06:00:53.414Z [XRP] sayfaya gidiliyor: https://www.deribit.com/statistics/XRP/Metrics/Options
2026-07-19T06:01:00.924Z Tarih seçici açıldı, kullanılan selector: .base-Select-root
2026-07-19T06:01:03.939Z UYARI: "base--active" class'ı doğrulanamadı, sabit bekleme ile devam ediliyor.
2026-07-19T06:01:04.675Z Tarih seçildi: "31 Jul 26" (selector: .base-Option-root)
2026-07-19T06:01:07.187Z [XRP] Max Pain = 1.15 (tarih seçimi başarılı: true)
2026-07-19T06:01:08.557Z 1 toplam kayıt "/home/scraper/mxpain/solxprmxpn.json" dosyasına yazıldı.
2026-07-19T08:41:57.063Z Bu çalıştırma için hedef vade: 31 Jul 26
2026-07-19T08:41:57.585Z [BTC] sayfaya gidiliyor: https://www.deribit.com/statistics/BTC/Metrics/Options
2026-07-19T08:42:01.809Z Tarih seçici açıldı, kullanılan selector: .base-Select-root
2026-07-19T08:42:04.811Z UYARI: "base--active" class'ı doğrulanamadı, sabit bekleme ile devam ediliyor.
2026-07-19T08:42:05.277Z Tarih seçildi: "31 Jul 26" (selector: .base-Option-root)
2026-07-19T08:42:07.780Z [BTC] Max Pain = 64000 (tarih seçimi başarılı: true)
2026-07-19T08:42:08.795Z [ETH] sayfaya gidiliyor: https://www.deribit.com/statistics/ETH/Metrics/Options
2026-07-19T08:42:12.627Z Tarih seçici açıldı, kullanılan selector: .base-Select-root
2026-07-19T08:42:15.629Z UYARI: "base--active" class'ı doğrulanamadı, sabit bekleme ile devam ediliyor.
2026-07-19T08:42:16.094Z Tarih seçildi: "31 Jul 26" (selector: .base-Option-root)
2026-07-19T08:42:18.596Z [ETH] Max Pain = 1800 (tarih seçimi başarılı: true)
2026-07-19T08:42:19.609Z [SOL] sayfaya gidiliyor: https://www.deribit.com/statistics/SOL/Metrics/Options
2026-07-19T08:42:23.529Z Tarih seçici açıldı, kullanılan selector: .base-Select-root
2026-07-19T08:42:26.533Z UYARI: "base--active" class'ı doğrulanamadı, sabit bekleme ile devam ediliyor.
2026-07-19T08:42:26.995Z Tarih seçildi: "31 Jul 26" (selector: .base-Option-root)
2026-07-19T08:42:29.496Z [SOL] Max Pain = 75 (tarih seçimi başarılı: true)
2026-07-19T08:42:30.511Z [XRP] sayfaya gidiliyor: https://www.deribit.com/statistics/XRP/Metrics/Options
2026-07-19T08:42:34.323Z Tarih seçici açıldı, kullanılan selector: .base-Select-root
2026-07-19T08:42:37.325Z UYARI: "base--active" class'ı doğrulanamadı, sabit bekleme ile devam ediliyor.
2026-07-19T08:42:37.779Z Tarih seçildi: "31 Jul 26" (selector: .base-Option-root)
2026-07-19T08:42:40.281Z [XRP] Max Pain = 1.15 (tarih seçimi başarılı: true)
2026-07-19T08:42:41.382Z 1 toplam kayıt "/home/runner/work/mxpain/mxpain/solxprmxpn.json" dosyasına yazıldı.
2026-07-20T06:00:04.293Z Bu çalıştırma için hedef vade: 31 Jul 26
2026-07-20T06:00:07.158Z [BTC] sayfaya gidiliyor: https://www.deribit.com/statistics/BTC/Metrics/Options
2026-07-20T06:00:16.895Z Tarih seçici açıldı, kullanılan selector: .base-Select-root
2026-07-20T06:00:19.900Z UYARI: "base--active" class'ı doğrulanamadı, sabit bekleme ile devam ediliyor.
2026-07-20T06:00:20.593Z Tarih seçildi: "31 Jul 26" (selector: .base-Option-root)
2026-07-20T06:00:23.100Z [BTC] Max Pain = 64000 (tarih seçimi başarılı: true)
2026-07-20T06:00:24.159Z [ETH] sayfaya gidiliyor: https://www.deribit.com/statistics/ETH/Metrics/Options
2026-07-20T06:00:30.845Z Tarih seçici açıldı, kullanılan selector: .base-Select-root
2026-07-20T06:00:33.851Z UYARI: "base--active" class'ı doğrulanamadı, sabit bekleme ile devam ediliyor.
2026-07-20T06:00:34.545Z Tarih seçildi: "31 Jul 26" (selector: .base-Option-root)
2026-07-20T06:00:37.052Z [ETH] Max Pain = 1800 (tarih seçimi başarılı: true)
2026-07-20T06:00:38.097Z [SOL] sayfaya gidiliyor: https://www.deribit.com/statistics/SOL/Metrics/Options
2026-07-20T06:00:44.674Z Tarih seçici açıldı, kullanılan selector: .base-Select-root
2026-07-20T06:00:47.679Z UYARI: "base--active" class'ı doğrulanamadı, sabit bekleme ile devam ediliyor.
2026-07-20T06:00:48.305Z Tarih seçildi: "31 Jul 26" (selector: .base-Option-root)
2026-07-20T06:00:50.810Z [SOL] Max Pain = 75 (tarih seçimi başarılı: true)
2026-07-20T06:00:51.847Z [XRP] sayfaya gidiliyor: https://www.deribit.com/statistics/XRP/Metrics/Options
2026-07-20T06:00:58.551Z Tarih seçici açıldı, kullanılan selector: .base-Select-root
2026-07-20T06:01:01.565Z UYARI: "base--active" class'ı doğrulanamadı, sabit bekleme ile devam ediliyor.
2026-07-20T06:01:02.142Z Tarih seçildi: "31 Jul 26" (selector: .base-Option-root)
2026-07-20T06:01:04.649Z [XRP] Max Pain = 1.15 (tarih seçimi başarılı: true)
2026-07-20T06:01:06.041Z 1 toplam kayıt "/home/scraper/mxpain/solxprmxpn.json" dosyasına yazıldı.
2026-07-20T09:41:02.862Z Bu çalıştırma için hedef vade: 31 Jul 26
2026-07-20T09:41:03.424Z [BTC] sayfaya gidiliyor: https://www.deribit.com/statistics/BTC/Metrics/Options
2026-07-20T09:41:07.476Z Tarih seçici açıldı, kullanılan selector: .base-Select-root
2026-07-20T09:41:10.479Z UYARI: "base--active" class'ı doğrulanamadı, sabit bekleme ile devam ediliyor.
2026-07-20T09:41:10.939Z Tarih seçildi: "31 Jul 26" (selector: .base-Option-root)
2026-07-20T09:41:13.442Z [BTC] Max Pain = 64000 (tarih seçimi başarılı: true)
2026-07-20T09:41:14.457Z [ETH] sayfaya gidiliyor: https://www.deribit.com/statistics/ETH/Metrics/Options
2026-07-20T09:41:18.242Z Tarih seçici açıldı, kullanılan selector: .base-Select-root
2026-07-20T09:41:21.244Z UYARI: "base--active" class'ı doğrulanamadı, sabit bekleme ile devam ediliyor.
2026-07-20T09:41:21.706Z Tarih seçildi: "31 Jul 26" (selector: .base-Option-root)
2026-07-20T09:41:24.208Z [ETH] Max Pain = 1800 (tarih seçimi başarılı: true)
2026-07-20T09:41:25.218Z [SOL] sayfaya gidiliyor: https://www.deribit.com/statistics/SOL/Metrics/Options
2026-07-20T09:41:28.972Z Tarih seçici açıldı, kullanılan selector: .base-Select-root
2026-07-20T09:41:31.974Z UYARI: "base--active" class'ı doğrulanamadı, sabit bekleme ile devam ediliyor.
2026-07-20T09:41:32.426Z Tarih seçildi: "31 Jul 26" (selector: .base-Option-root)
2026-07-20T09:41:34.929Z [SOL] Max Pain = 75 (tarih seçimi başarılı: true)
2026-07-20T09:41:35.945Z [XRP] sayfaya gidiliyor: https://www.deribit.com/statistics/XRP/Metrics/Options
2026-07-20T09:41:39.705Z Tarih seçici açıldı, kullanılan selector: .base-Select-root
2026-07-20T09:41:42.707Z UYARI: "base--active" class'ı doğrulanamadı, sabit bekleme ile devam ediliyor.
2026-07-20T09:41:43.154Z Tarih seçildi: "31 Jul 26" (selector: .base-Option-root)
2026-07-20T09:41:45.655Z [XRP] Max Pain = 1.15 (tarih seçimi başarılı: true)
2026-07-20T09:41:46.730Z 1 toplam kayıt "/home/runner/work/mxpain/mxpain/solxprmxpn.json" dosyasına yazıldı.
2026-07-21T06:48:45.275Z Bu çalıştırma için hedef vade: 31 Jul 26
2026-07-21T06:48:46.379Z [BTC] sayfaya gidiliyor: https://www.deribit.com/statistics/BTC/Metrics/Options
2026-07-21T06:48:54.010Z Tarih seçici açıldı, kullanılan selector: .base-Select-root
2026-07-21T06:48:57.014Z UYARI: "base--active" class'ı doğrulanamadı, sabit bekleme ile devam ediliyor.
2026-07-21T06:48:57.627Z Tarih seçildi: "31 Jul 26" (selector: .base-Option-root)
2026-07-21T06:49:00.135Z [BTC] Max Pain = 64000 (tarih seçimi başarılı: true)
2026-07-21T06:49:01.185Z [ETH] sayfaya gidiliyor: https://www.deribit.com/statistics/ETH/Metrics/Options
2026-07-21T06:49:08.106Z Tarih seçici açıldı, kullanılan selector: .base-Select-root
2026-07-21T06:49:11.112Z UYARI: "base--active" class'ı doğrulanamadı, sabit bekleme ile devam ediliyor.
2026-07-21T06:49:11.713Z Tarih seçildi: "31 Jul 26" (selector: .base-Option-root)
2026-07-21T06:49:14.219Z [ETH] Max Pain = 1800 (tarih seçimi başarılı: true)
2026-07-21T06:49:15.259Z [SOL] sayfaya gidiliyor: https://www.deribit.com/statistics/SOL/Metrics/Options
2026-07-21T06:49:21.444Z Tarih seçici açıldı, kullanılan selector: .base-Select-root
2026-07-21T06:49:24.449Z UYARI: "base--active" class'ı doğrulanamadı, sabit bekleme ile devam ediliyor.
2026-07-21T06:49:25.051Z Tarih seçildi: "31 Jul 26" (selector: .base-Option-root)
2026-07-21T06:49:27.555Z [SOL] Max Pain = 75 (tarih seçimi başarılı: true)
2026-07-21T06:49:28.606Z [XRP] sayfaya gidiliyor: https://www.deribit.com/statistics/XRP/Metrics/Options
2026-07-21T06:49:35.386Z Tarih seçici açıldı, kullanılan selector: .base-Select-root
2026-07-21T06:49:38.390Z UYARI: "base--active" class'ı doğrulanamadı, sabit bekleme ile devam ediliyor.
2026-07-21T06:49:39.011Z Tarih seçildi: "31 Jul 26" (selector: .base-Option-root)
2026-07-21T06:49:41.517Z [XRP] Max Pain = 1.15 (tarih seçimi başarılı: true)
2026-07-21T06:49:42.830Z 1 toplam kayıt "/home/scraper/mxpain/solxprmxpn.json" dosyasına yazıldı.
2026-07-21T09:08:41.745Z Bu çalıştırma için hedef vade: 31 Jul 26
2026-07-21T09:08:42.253Z [BTC] sayfaya gidiliyor: https://www.deribit.com/statistics/BTC/Metrics/Options
2026-07-21T09:09:17.701Z UYARI: Tarih seçici butonu bulunamadı/açılamadı.
2026-07-21T09:09:20.206Z [BTC] UYARI: Max Pain değeri sayfada bulunamadı.
2026-07-21T09:09:21.213Z [ETH] sayfaya gidiliyor: https://www.deribit.com/statistics/ETH/Metrics/Options
2026-07-21T09:09:56.619Z UYARI: Tarih seçici butonu bulunamadı/açılamadı.
2026-07-21T09:09:59.124Z [ETH] UYARI: Max Pain değeri sayfada bulunamadı.
2026-07-21T09:10:00.131Z [SOL] sayfaya gidiliyor: https://www.deribit.com/statistics/SOL/Metrics/Options
2026-07-21T09:10:35.549Z UYARI: Tarih seçici butonu bulunamadı/açılamadı.
2026-07-21T09:10:38.054Z [SOL] UYARI: Max Pain değeri sayfada bulunamadı.
2026-07-21T09:10:39.060Z [XRP] sayfaya gidiliyor: https://www.deribit.com/statistics/XRP/Metrics/Options
2026-07-21T09:11:14.471Z UYARI: Tarih seçici butonu bulunamadı/açılamadı.
2026-07-21T09:11:16.975Z [XRP] UYARI: Max Pain değeri sayfada bulunamadı.
2026-07-21T09:11:18.045Z 1 toplam kayıt "/home/runner/work/mxpain/mxpain/solxprmxpn.json" dosyasına yazıldı.
2026-07-22T06:00:04.639Z Bu çalıştırma için hedef vade: 31 Jul 26
2026-07-22T06:00:09.972Z [BTC] sayfaya gidiliyor: https://www.deribit.com/statistics/BTC/Metrics/Options
2026-07-22T06:00:22.092Z Tarih seçici açıldı, kullanılan selector: .base-Select-root
2026-07-22T06:00:25.098Z UYARI: "base--active" class'ı doğrulanamadı, sabit bekleme ile devam ediliyor.
2026-07-22T06:00:25.868Z Tarih seçildi: "31 Jul 26" (selector: .base-Option-root)
2026-07-22T06:00:28.375Z [BTC] Max Pain = 64000 (tarih seçimi başarılı: true)
2026-07-22T06:00:29.457Z [ETH] sayfaya gidiliyor: https://www.deribit.com/statistics/ETH/Metrics/Options
2026-07-22T06:00:37.734Z Tarih seçici açıldı, kullanılan selector: .base-Select-root
2026-07-22T06:00:40.740Z UYARI: "base--active" class'ı doğrulanamadı, sabit bekleme ile devam ediliyor.
2026-07-22T06:00:41.377Z Tarih seçildi: "31 Jul 26" (selector: .base-Option-root)
2026-07-22T06:00:43.884Z [ETH] Max Pain = 1800 (tarih seçimi başarılı: true)
2026-07-22T06:00:44.926Z [SOL] sayfaya gidiliyor: https://www.deribit.com/statistics/SOL/Metrics/Options
2026-07-22T06:00:51.888Z Tarih seçici açıldı, kullanılan selector: .base-Select-root
2026-07-22T06:00:54.892Z UYARI: "base--active" class'ı doğrulanamadı, sabit bekleme ile devam ediliyor.
2026-07-22T06:00:55.541Z Tarih seçildi: "31 Jul 26" (selector: .base-Option-root)
2026-07-22T06:00:58.046Z [SOL] Max Pain = 75 (tarih seçimi başarılı: true)
2026-07-22T06:00:59.095Z [XRP] sayfaya gidiliyor: https://www.deribit.com/statistics/XRP/Metrics/Options
2026-07-22T06:01:14.555Z Tarih seçici açıldı, kullanılan selector: .base-Select-root
2026-07-22T06:01:17.562Z UYARI: "base--active" class'ı doğrulanamadı, sabit bekleme ile devam ediliyor.
2026-07-22T06:01:18.259Z Tarih seçildi: "31 Jul 26" (selector: .base-Option-root)
2026-07-22T06:01:20.766Z [XRP] Max Pain = 1.15 (tarih seçimi başarılı: true)
2026-07-22T06:01:22.511Z 1 toplam kayıt "/home/scraper/mxpain/solxprmxpn.json" dosyasına yazıldı.
2026-07-22T09:07:18.834Z Bu çalıştırma için hedef vade: 31 Jul 26
2026-07-22T09:07:19.173Z [BTC] sayfaya gidiliyor: https://www.deribit.com/statistics/BTC/Metrics/Options
2026-07-22T09:07:23.700Z Tarih seçici açıldı, kullanılan selector: .base-Select-root
2026-07-22T09:07:26.702Z UYARI: "base--active" class'ı doğrulanamadı, sabit bekleme ile devam ediliyor.
2026-07-22T09:07:27.172Z Tarih seçildi: "31 Jul 26" (selector: .base-Option-root)
2026-07-22T09:07:29.675Z [BTC] Max Pain = 64000 (tarih seçimi başarılı: true)
2026-07-22T09:07:30.691Z [ETH] sayfaya gidiliyor: https://www.deribit.com/statistics/ETH/Metrics/Options
2026-07-22T09:07:35.032Z Tarih seçici açıldı, kullanılan selector: .base-Select-root
2026-07-22T09:07:38.034Z UYARI: "base--active" class'ı doğrulanamadı, sabit bekleme ile devam ediliyor.
2026-07-22T09:07:38.513Z Tarih seçildi: "31 Jul 26" (selector: .base-Option-root)
2026-07-22T09:07:41.015Z [ETH] Max Pain = 1800 (tarih seçimi başarılı: true)
2026-07-22T09:07:42.030Z [SOL] sayfaya gidiliyor: https://www.deribit.com/statistics/SOL/Metrics/Options
2026-07-22T09:07:46.115Z Tarih seçici açıldı, kullanılan selector: .base-Select-root
2026-07-22T09:07:49.119Z UYARI: "base--active" class'ı doğrulanamadı, sabit bekleme ile devam ediliyor.
2026-07-22T09:07:49.587Z Tarih seçildi: "31 Jul 26" (selector: .base-Option-root)
2026-07-22T09:07:52.090Z [SOL] Max Pain = 75 (tarih seçimi başarılı: true)
2026-07-22T09:07:53.107Z [XRP] sayfaya gidiliyor: https://www.deribit.com/statistics/XRP/Metrics/Options
2026-07-22T09:07:57.211Z Tarih seçici açıldı, kullanılan selector: .base-Select-root
2026-07-22T09:08:00.212Z UYARI: "base--active" class'ı doğrulanamadı, sabit bekleme ile devam ediliyor.
2026-07-22T09:08:00.671Z Tarih seçildi: "31 Jul 26" (selector: .base-Option-root)
2026-07-22T09:08:03.174Z [XRP] Max Pain = 1.15 (tarih seçimi başarılı: true)
2026-07-22T09:08:04.259Z 1 toplam kayıt "/home/runner/work/mxpain/mxpain/solxprmxpn.json" dosyasına yazıldı.
2026-07-23T06:00:04.724Z Bu çalıştırma için hedef vade: 31 Jul 26
2026-07-23T06:00:07.520Z [BTC] sayfaya gidiliyor: https://www.deribit.com/statistics/BTC/Metrics/Options
2026-07-23T06:00:17.613Z Tarih seçici açıldı, kullanılan selector: .base-Select-root
2026-07-23T06:00:20.620Z UYARI: "base--active" class'ı doğrulanamadı, sabit bekleme ile devam ediliyor.
2026-07-23T06:00:21.228Z Tarih seçildi: "31 Jul 26" (selector: .base-Option-root)
2026-07-23T06:00:23.736Z [BTC] Max Pain = 64000 (tarih seçimi başarılı: true)
2026-07-23T06:00:24.825Z [ETH] sayfaya gidiliyor: https://www.deribit.com/statistics/ETH/Metrics/Options
2026-07-23T06:00:32.444Z Tarih seçici açıldı, kullanılan selector: .base-Select-root
2026-07-23T06:00:35.449Z UYARI: "base--active" class'ı doğrulanamadı, sabit bekleme ile devam ediliyor.
2026-07-23T06:00:36.079Z Tarih seçildi: "31 Jul 26" (selector: .base-Option-root)
2026-07-23T06:00:38.586Z [ETH] Max Pain = 1800 (tarih seçimi başarılı: true)
2026-07-23T06:00:39.669Z [SOL] sayfaya gidiliyor: https://www.deribit.com/statistics/SOL/Metrics/Options
2026-07-23T06:00:47.146Z Tarih seçici açıldı, kullanılan selector: .base-Select-root
2026-07-23T06:00:50.150Z UYARI: "base--active" class'ı doğrulanamadı, sabit bekleme ile devam ediliyor.
2026-07-23T06:00:50.805Z Tarih seçildi: "31 Jul 26" (selector: .base-Option-root)
2026-07-23T06:00:53.311Z [SOL] Max Pain = 75 (tarih seçimi başarılı: true)
2026-07-23T06:00:54.356Z [XRP] sayfaya gidiliyor: https://www.deribit.com/statistics/XRP/Metrics/Options
2026-07-23T06:01:01.088Z Tarih seçici açıldı, kullanılan selector: .base-Select-root
2026-07-23T06:01:04.165Z UYARI: "base--active" class'ı doğrulanamadı, sabit bekleme ile devam ediliyor.
2026-07-23T06:01:07.279Z Tarih seçildi: "31 Jul 26" (selector: .base-Option-root)
2026-07-23T06:01:09.785Z [XRP] Max Pain = 1.15 (tarih seçimi başarılı: true)
2026-07-23T06:01:11.135Z 1 toplam kayıt "/home/scraper/mxpain/solxprmxpn.json" dosyasına yazıldı.
2026-07-23T09:06:14.032Z Bu çalıştırma için hedef vade: 31 Jul 26
2026-07-23T09:06:14.854Z [BTC] sayfaya gidiliyor: https://www.deribit.com/statistics/BTC/Metrics/Options
2026-07-23T09:06:20.391Z Tarih seçici açıldı, kullanılan selector: .base-Select-root
2026-07-23T09:06:23.393Z UYARI: "base--active" class'ı doğrulanamadı, sabit bekleme ile devam ediliyor.
2026-07-23T09:06:23.844Z Tarih seçildi: "31 Jul 26" (selector: .base-Option-root)
2026-07-23T09:06:26.346Z [BTC] Max Pain = 64000 (tarih seçimi başarılı: true)
2026-07-23T09:06:27.362Z [ETH] sayfaya gidiliyor: https://www.deribit.com/statistics/ETH/Metrics/Options
2026-07-23T09:06:31.090Z Tarih seçici açıldı, kullanılan selector: .base-Select-root
2026-07-23T09:06:34.091Z UYARI: "base--active" class'ı doğrulanamadı, sabit bekleme ile devam ediliyor.
2026-07-23T09:06:34.543Z Tarih seçildi: "31 Jul 26" (selector: .base-Option-root)
2026-07-23T09:06:37.045Z [ETH] Max Pain = 1800 (tarih seçimi başarılı: true)
2026-07-23T09:06:38.062Z [SOL] sayfaya gidiliyor: https://www.deribit.com/statistics/SOL/Metrics/Options
2026-07-23T09:06:41.755Z Tarih seçici açıldı, kullanılan selector: .base-Select-root
2026-07-23T09:06:44.757Z UYARI: "base--active" class'ı doğrulanamadı, sabit bekleme ile devam ediliyor.
2026-07-23T09:06:45.206Z Tarih seçildi: "31 Jul 26" (selector: .base-Option-root)
2026-07-23T09:06:47.709Z [SOL] Max Pain = 75 (tarih seçimi başarılı: true)
2026-07-23T09:06:48.724Z [XRP] sayfaya gidiliyor: https://www.deribit.com/statistics/XRP/Metrics/Options
2026-07-23T09:06:52.421Z Tarih seçici açıldı, kullanılan selector: .base-Select-root
2026-07-23T09:06:55.424Z UYARI: "base--active" class'ı doğrulanamadı, sabit bekleme ile devam ediliyor.
2026-07-23T09:06:55.864Z Tarih seçildi: "31 Jul 26" (selector: .base-Option-root)
2026-07-23T09:06:58.366Z [XRP] Max Pain = 1.15 (tarih seçimi başarılı: true)
2026-07-23T09:06:59.428Z 1 toplam kayıt "/home/runner/work/mxpain/mxpain/solxprmxpn.json" dosyasına yazıldı.
2026-07-24T06:00:04.255Z Bu çalıştırma için hedef vade: 31 Jul 26
2026-07-24T06:00:07.979Z [BTC] sayfaya gidiliyor: https://www.deribit.com/statistics/BTC/Metrics/Options
2026-07-24T06:00:33.813Z Tarih seçici açıldı, kullanılan selector: button.base-Select-root
2026-07-24T06:00:36.846Z UYARI: "base--active" class'ı doğrulanamadı, sabit bekleme ile devam ediliyor.
2026-07-24T06:00:41.861Z Tarih seçildi: "31 Jul 26" (selector: .base-Option-root)
2026-07-24T06:00:44.377Z [BTC] Max Pain = 64000 (tarih seçimi başarılı: true)
2026-07-24T06:00:45.491Z [ETH] sayfaya gidiliyor: https://www.deribit.com/statistics/ETH/Metrics/Options
2026-07-24T06:01:05.088Z Tarih seçici açıldı, kullanılan selector: button.base-Select-root
2026-07-24T06:01:08.095Z UYARI: "base--active" class'ı doğrulanamadı, sabit bekleme ile devam ediliyor.
2026-07-24T06:01:12.339Z Tarih seçildi: "31 Jul 26" (selector: .base-Option-root)
2026-07-24T06:01:14.848Z [ETH] Max Pain = 1800 (tarih seçimi başarılı: true)
2026-07-24T06:01:15.935Z [SOL] sayfaya gidiliyor: https://www.deribit.com/statistics/SOL/Metrics/Options
2026-07-24T06:01:32.698Z Tarih seçici açıldı, kullanılan selector: .base-Select-root
2026-07-24T06:01:35.704Z UYARI: "base--active" class'ı doğrulanamadı, sabit bekleme ile devam ediliyor.
2026-07-24T06:01:38.418Z Tarih seçildi: "31 Jul 26" (selector: .base-Option-root)
2026-07-24T06:01:40.927Z [SOL] Max Pain = 75 (tarih seçimi başarılı: true)
2026-07-24T06:01:42.038Z [XRP] sayfaya gidiliyor: https://www.deribit.com/statistics/XRP/Metrics/Options
2026-07-24T06:01:59.951Z Tarih seçici açıldı, kullanılan selector: button.base-Select-root
2026-07-24T06:02:02.969Z UYARI: "base--active" class'ı doğrulanamadı, sabit bekleme ile devam ediliyor.
2026-07-24T06:02:06.369Z Tarih seçildi: "31 Jul 26" (selector: .base-Option-root)
2026-07-24T06:02:08.889Z [XRP] Max Pain = 1.15 (tarih seçimi başarılı: true)
2026-07-24T06:02:10.596Z 1 toplam kayıt "/home/scraper/mxpain/solxprmxpn.json" dosyasına yazıldı.
2026-07-24T09:02:34.431Z Bu çalıştırma için hedef vade: 31 Jul 26
2026-07-24T09:02:34.779Z [BTC] sayfaya gidiliyor: https://www.deribit.com/statistics/BTC/Metrics/Options
2026-07-24T09:02:39.333Z Tarih seçici açıldı, kullanılan selector: .base-Select-root
2026-07-24T09:02:42.336Z UYARI: "base--active" class'ı doğrulanamadı, sabit bekleme ile devam ediliyor.
2026-07-24T09:02:42.802Z Tarih seçildi: "31 Jul 26" (selector: .base-Option-root)
2026-07-24T09:02:45.304Z [BTC] Max Pain = 64000 (tarih seçimi başarılı: true)
2026-07-24T09:02:46.323Z [ETH] sayfaya gidiliyor: https://www.deribit.com/statistics/ETH/Metrics/Options
2026-07-24T09:02:50.197Z Tarih seçici açıldı, kullanılan selector: .base-Select-root
2026-07-24T09:02:53.199Z UYARI: "base--active" class'ı doğrulanamadı, sabit bekleme ile devam ediliyor.
2026-07-24T09:02:53.659Z Tarih seçildi: "31 Jul 26" (selector: .base-Option-root)
2026-07-24T09:02:56.162Z [ETH] Max Pain = 1800 (tarih seçimi başarılı: true)
2026-07-24T09:02:57.175Z [SOL] sayfaya gidiliyor: https://www.deribit.com/statistics/SOL/Metrics/Options
2026-07-24T09:03:00.985Z Tarih seçici açıldı, kullanılan selector: .base-Select-root
2026-07-24T09:03:03.987Z UYARI: "base--active" class'ı doğrulanamadı, sabit bekleme ile devam ediliyor.
2026-07-24T09:03:04.442Z Tarih seçildi: "31 Jul 26" (selector: .base-Option-root)
2026-07-24T09:03:06.945Z [SOL] Max Pain = 75 (tarih seçimi başarılı: true)
2026-07-24T09:03:07.961Z [XRP] sayfaya gidiliyor: https://www.deribit.com/statistics/XRP/Metrics/Options
2026-07-24T09:03:11.744Z Tarih seçici açıldı, kullanılan selector: .base-Select-root
2026-07-24T09:03:14.747Z UYARI: "base--active" class'ı doğrulanamadı, sabit bekleme ile devam ediliyor.
2026-07-24T09:03:15.197Z Tarih seçildi: "31 Jul 26" (selector: .base-Option-root)
2026-07-24T09:03:17.699Z [XRP] Max Pain = 1.15 (tarih seçimi başarılı: true)
2026-07-24T09:03:18.777Z 1 toplam kayıt "/home/runner/work/mxpain/mxpain/solxprmxpn.json" dosyasına yazıldı.
2026-07-25T06:00:04.521Z Bu çalıştırma için hedef vade: 31 Jul 26
2026-07-25T06:00:06.420Z [BTC] sayfaya gidiliyor: https://www.deribit.com/statistics/BTC/Metrics/Options
2026-07-25T06:00:14.695Z Tarih seçici açıldı, kullanılan selector: .base-Select-root
2026-07-25T06:00:17.700Z UYARI: "base--active" class'ı doğrulanamadı, sabit bekleme ile devam ediliyor.
2026-07-25T06:00:18.342Z Tarih seçildi: "31 Jul 26" (selector: .base-Option-root)
2026-07-25T06:00:20.847Z [BTC] Max Pain = 64000 (tarih seçimi başarılı: true)
2026-07-25T06:00:21.894Z [ETH] sayfaya gidiliyor: https://www.deribit.com/statistics/ETH/Metrics/Options
2026-07-25T06:00:29.509Z Tarih seçici açıldı, kullanılan selector: .base-Select-root
2026-07-25T06:00:32.515Z UYARI: "base--active" class'ı doğrulanamadı, sabit bekleme ile devam ediliyor.
2026-07-25T06:00:33.214Z Tarih seçildi: "31 Jul 26" (selector: .base-Option-root)
2026-07-25T06:00:35.720Z [ETH] Max Pain = 1800 (tarih seçimi başarılı: true)
2026-07-25T06:00:36.755Z [SOL] sayfaya gidiliyor: https://www.deribit.com/statistics/SOL/Metrics/Options
2026-07-25T06:00:44.729Z Tarih seçici açıldı, kullanılan selector: .base-Select-root
2026-07-25T06:00:47.733Z UYARI: "base--active" class'ı doğrulanamadı, sabit bekleme ile devam ediliyor.
2026-07-25T06:00:48.336Z Tarih seçildi: "31 Jul 26" (selector: .base-Option-root)
2026-07-25T06:00:50.843Z [SOL] Max Pain = 75 (tarih seçimi başarılı: true)
2026-07-25T06:00:51.907Z [XRP] sayfaya gidiliyor: https://www.deribit.com/statistics/XRP/Metrics/Options
2026-07-25T06:00:58.319Z Tarih seçici açıldı, kullanılan selector: .base-Select-root
2026-07-25T06:01:01.323Z UYARI: "base--active" class'ı doğrulanamadı, sabit bekleme ile devam ediliyor.
2026-07-25T06:01:01.949Z Tarih seçildi: "31 Jul 26" (selector: .base-Option-root)
2026-07-25T06:01:04.456Z [XRP] Max Pain = 1.15 (tarih seçimi başarılı: true)
2026-07-25T06:01:05.747Z 1 toplam kayıt "/home/scraper/mxpain/solxprmxpn.json" dosyasına yazıldı.
2026-07-25T08:28:12.851Z Bu çalıştırma için hedef vade: 31 Jul 26
2026-07-25T08:28:13.563Z [BTC] sayfaya gidiliyor: https://www.deribit.com/statistics/BTC/Metrics/Options
2026-07-25T08:28:17.639Z Tarih seçici açıldı, kullanılan selector: .base-Select-root
2026-07-25T08:28:20.641Z UYARI: "base--active" class'ı doğrulanamadı, sabit bekleme ile devam ediliyor.
2026-07-25T08:28:21.121Z Tarih seçildi: "31 Jul 26" (selector: .base-Option-root)
2026-07-25T08:28:23.624Z [BTC] Max Pain = 64000 (tarih seçimi başarılı: true)
2026-07-25T08:28:24.645Z [ETH] sayfaya gidiliyor: https://www.deribit.com/statistics/ETH/Metrics/Options
2026-07-25T08:28:28.555Z Tarih seçici açıldı, kullanılan selector: .base-Select-root
2026-07-25T08:28:31.558Z UYARI: "base--active" class'ı doğrulanamadı, sabit bekleme ile devam ediliyor.
2026-07-25T08:28:32.020Z Tarih seçildi: "31 Jul 26" (selector: .base-Option-root)
2026-07-25T08:28:34.523Z [ETH] Max Pain = 1800 (tarih seçimi başarılı: true)
2026-07-25T08:28:35.542Z [SOL] sayfaya gidiliyor: https://www.deribit.com/statistics/SOL/Metrics/Options
2026-07-25T08:28:39.367Z Tarih seçici açıldı, kullanılan selector: .base-Select-root
2026-07-25T08:28:42.370Z UYARI: "base--active" class'ı doğrulanamadı, sabit bekleme ile devam ediliyor.
2026-07-25T08:28:42.827Z Tarih seçildi: "31 Jul 26" (selector: .base-Option-root)
2026-07-25T08:28:45.330Z [SOL] Max Pain = 75 (tarih seçimi başarılı: true)
2026-07-25T08:28:46.346Z [XRP] sayfaya gidiliyor: https://www.deribit.com/statistics/XRP/Metrics/Options
2026-07-25T08:28:50.168Z Tarih seçici açıldı, kullanılan selector: .base-Select-root
2026-07-25T08:28:53.171Z UYARI: "base--active" class'ı doğrulanamadı, sabit bekleme ile devam ediliyor.
2026-07-25T08:28:53.623Z Tarih seçildi: "31 Jul 26" (selector: .base-Option-root)
2026-07-25T08:28:56.125Z [XRP] Max Pain = 1.15 (tarih seçimi başarılı: true)
2026-07-25T08:28:57.218Z 1 toplam kayıt "/home/runner/work/mxpain/mxpain/solxprmxpn.json" dosyasına yazıldı.
2026-07-26T06:00:04.228Z Bu çalıştırma için hedef vade: 31 Jul 26
2026-07-26T06:00:07.198Z [BTC] sayfaya gidiliyor: https://www.deribit.com/statistics/BTC/Metrics/Options
2026-07-26T06:00:16.252Z Tarih seçici açıldı, kullanılan selector: .base-Select-root
2026-07-26T06:00:19.263Z UYARI: "base--active" class'ı doğrulanamadı, sabit bekleme ile devam ediliyor.
2026-07-26T06:00:19.989Z Tarih seçildi: "31 Jul 26" (selector: .base-Option-root)
2026-07-26T06:00:22.496Z [BTC] Max Pain = 64000 (tarih seçimi başarılı: true)
2026-07-26T06:00:23.567Z [ETH] sayfaya gidiliyor: https://www.deribit.com/statistics/ETH/Metrics/Options
2026-07-26T06:00:30.772Z Tarih seçici açıldı, kullanılan selector: .base-Select-root
2026-07-26T06:00:33.779Z UYARI: "base--active" class'ı doğrulanamadı, sabit bekleme ile devam ediliyor.
2026-07-26T06:00:34.485Z Tarih seçildi: "31 Jul 26" (selector: .base-Option-root)
2026-07-26T06:00:36.994Z [ETH] Max Pain = 1800 (tarih seçimi başarılı: true)
2026-07-26T06:00:38.055Z [SOL] sayfaya gidiliyor: https://www.deribit.com/statistics/SOL/Metrics/Options
2026-07-26T06:00:45.753Z Tarih seçici açıldı, kullanılan selector: .base-Select-root
2026-07-26T06:00:48.759Z UYARI: "base--active" class'ı doğrulanamadı, sabit bekleme ile devam ediliyor.
2026-07-26T06:00:49.362Z Tarih seçildi: "31 Jul 26" (selector: .base-Option-root)
2026-07-26T06:00:51.868Z [SOL] Max Pain = 75 (tarih seçimi başarılı: true)
2026-07-26T06:00:52.914Z [XRP] sayfaya gidiliyor: https://www.deribit.com/statistics/XRP/Metrics/Options
2026-07-26T06:00:59.558Z Tarih seçici açıldı, kullanılan selector: .base-Select-root
2026-07-26T06:01:02.563Z UYARI: "base--active" class'ı doğrulanamadı, sabit bekleme ile devam ediliyor.
2026-07-26T06:01:03.209Z Tarih seçildi: "31 Jul 26" (selector: .base-Option-root)
2026-07-26T06:01:05.721Z [XRP] Max Pain = 1.15 (tarih seçimi başarılı: true)
2026-07-26T06:01:07.047Z 1 toplam kayıt "/home/scraper/mxpain/solxprmxpn.json" dosyasına yazıldı.
2026-07-26T08:44:16.455Z Bu çalıştırma için hedef vade: 31 Jul 26
2026-07-26T08:44:16.782Z [BTC] sayfaya gidiliyor: https://www.deribit.com/statistics/BTC/Metrics/Options
2026-07-26T08:44:21.848Z Tarih seçici açıldı, kullanılan selector: .base-Select-root
2026-07-26T08:44:24.850Z UYARI: "base--active" class'ı doğrulanamadı, sabit bekleme ile devam ediliyor.
2026-07-26T08:44:25.320Z Tarih seçildi: "31 Jul 26" (selector: .base-Option-root)
2026-07-26T08:44:27.822Z [BTC] Max Pain = 64000 (tarih seçimi başarılı: true)
2026-07-26T08:44:28.837Z [ETH] sayfaya gidiliyor: https://www.deribit.com/statistics/ETH/Metrics/Options
2026-07-26T08:44:33.083Z Tarih seçici açıldı, kullanılan selector: .base-Select-root
2026-07-26T08:44:36.085Z UYARI: "base--active" class'ı doğrulanamadı, sabit bekleme ile devam ediliyor.
2026-07-26T08:44:36.552Z Tarih seçildi: "31 Jul 26" (selector: .base-Option-root)
2026-07-26T08:44:39.054Z [ETH] Max Pain = 1800 (tarih seçimi başarılı: true)
2026-07-26T08:44:40.074Z [SOL] sayfaya gidiliyor: https://www.deribit.com/statistics/SOL/Metrics/Options
2026-07-26T08:44:44.349Z Tarih seçici açıldı, kullanılan selector: .base-Select-root
2026-07-26T08:44:47.351Z UYARI: "base--active" class'ı doğrulanamadı, sabit bekleme ile devam ediliyor.
2026-07-26T08:44:47.806Z Tarih seçildi: "31 Jul 26" (selector: .base-Option-root)
2026-07-26T08:44:50.308Z [SOL] Max Pain = 75 (tarih seçimi başarılı: true)
2026-07-26T08:44:51.328Z [XRP] sayfaya gidiliyor: https://www.deribit.com/statistics/XRP/Metrics/Options
2026-07-26T08:44:55.679Z Tarih seçici açıldı, kullanılan selector: .base-Select-root
2026-07-26T08:44:58.681Z UYARI: "base--active" class'ı doğrulanamadı, sabit bekleme ile devam ediliyor.
2026-07-26T08:44:59.130Z Tarih seçildi: "31 Jul 26" (selector: .base-Option-root)
2026-07-26T08:45:01.633Z [XRP] Max Pain = 1.15 (tarih seçimi başarılı: true)
2026-07-26T08:45:02.730Z 1 toplam kayıt "/home/runner/work/mxpain/mxpain/solxprmxpn.json" dosyasına yazıldı.
2026-07-27T06:00:04.612Z Bu çalıştırma için hedef vade: 31 Jul 26
2026-07-27T06:00:06.942Z [BTC] sayfaya gidiliyor: https://www.deribit.com/statistics/BTC/Metrics/Options
2026-07-27T06:00:21.106Z Tarih seçici açıldı, kullanılan selector: .base-Select-root
2026-07-27T06:00:24.120Z UYARI: "base--active" class'ı doğrulanamadı, sabit bekleme ile devam ediliyor.
2026-07-27T06:00:28.419Z Tarih seçildi: "31 Jul 26" (selector: .base-Option-root)
2026-07-27T06:00:30.952Z [BTC] Max Pain = 65000 (tarih seçimi başarılı: true)
2026-07-27T06:00:32.060Z [ETH] sayfaya gidiliyor: https://www.deribit.com/statistics/ETH/Metrics/Options
2026-07-27T06:00:44.376Z Tarih seçici açıldı, kullanılan selector: .base-Select-root
2026-07-27T06:00:47.384Z UYARI: "base--active" class'ı doğrulanamadı, sabit bekleme ile devam ediliyor.
2026-07-27T06:00:48.776Z Tarih seçildi: "31 Jul 26" (selector: .base-Option-root)
2026-07-27T06:00:51.288Z [ETH] Max Pain = 1800 (tarih seçimi başarılı: true)
2026-07-27T06:00:52.544Z [SOL] sayfaya gidiliyor: https://www.deribit.com/statistics/SOL/Metrics/Options
2026-07-27T06:01:07.625Z Tarih seçici açıldı, kullanılan selector: .base-Select-root
2026-07-27T06:01:10.636Z UYARI: "base--active" class'ı doğrulanamadı, sabit bekleme ile devam ediliyor.
2026-07-27T06:01:11.893Z Tarih seçildi: "31 Jul 26" (selector: .base-Option-root)
2026-07-27T06:01:14.405Z [SOL] Max Pain = 75 (tarih seçimi başarılı: true)
2026-07-27T06:01:15.482Z [XRP] sayfaya gidiliyor: https://www.deribit.com/statistics/XRP/Metrics/Options
2026-07-27T06:01:26.020Z Tarih seçici açıldı, kullanılan selector: .base-Select-root
2026-07-27T06:01:29.082Z UYARI: "base--active" class'ı doğrulanamadı, sabit bekleme ile devam ediliyor.
2026-07-27T06:01:31.489Z Tarih seçildi: "31 Jul 26" (selector: .base-Option-root)
2026-07-27T06:01:33.997Z [XRP] Max Pain = 1.15 (tarih seçimi başarılı: true)
2026-07-27T06:01:35.484Z 1 toplam kayıt "/home/scraper/mxpain/solxprmxpn.json" dosyasına yazıldı.
2026-07-27T10:14:47.966Z Bu çalıştırma için hedef vade: 31 Jul 26
2026-07-27T10:14:48.219Z [BTC] sayfaya gidiliyor: https://www.deribit.com/statistics/BTC/Metrics/Options
2026-07-27T10:14:52.514Z Tarih seçici açıldı, kullanılan selector: .base-Select-root
2026-07-27T10:14:55.517Z UYARI: "base--active" class'ı doğrulanamadı, sabit bekleme ile devam ediliyor.
2026-07-27T10:14:55.966Z Tarih seçildi: "31 Jul 26" (selector: .base-Option-root)
2026-07-27T10:14:58.469Z [BTC] Max Pain = 65000 (tarih seçimi başarılı: true)
2026-07-27T10:14:59.481Z [ETH] sayfaya gidiliyor: https://www.deribit.com/statistics/ETH/Metrics/Options
2026-07-27T10:15:03.238Z Tarih seçici açıldı, kullanılan selector: .base-Select-root
2026-07-27T10:15:06.296Z UYARI: "base--active" class'ı doğrulanamadı, sabit bekleme ile devam ediliyor.
2026-07-27T10:15:06.740Z Tarih seçildi: "31 Jul 26" (selector: .base-Option-root)
2026-07-27T10:15:09.243Z [ETH] Max Pain = 1800 (tarih seçimi başarılı: true)
2026-07-27T10:15:10.258Z [SOL] sayfaya gidiliyor: https://www.deribit.com/statistics/SOL/Metrics/Options
2026-07-27T10:15:14.170Z Tarih seçici açıldı, kullanılan selector: .base-Select-root
2026-07-27T10:15:17.172Z UYARI: "base--active" class'ı doğrulanamadı, sabit bekleme ile devam ediliyor.
2026-07-27T10:15:17.618Z Tarih seçildi: "31 Jul 26" (selector: .base-Option-root)
2026-07-27T10:15:20.120Z [SOL] Max Pain = 75 (tarih seçimi başarılı: true)
2026-07-27T10:15:21.133Z [XRP] sayfaya gidiliyor: https://www.deribit.com/statistics/XRP/Metrics/Options
2026-07-27T10:15:25.119Z Tarih seçici açıldı, kullanılan selector: .base-Select-root
2026-07-27T10:15:28.121Z UYARI: "base--active" class'ı doğrulanamadı, sabit bekleme ile devam ediliyor.
2026-07-27T10:15:28.559Z Tarih seçildi: "31 Jul 26" (selector: .base-Option-root)
2026-07-27T10:15:31.061Z [XRP] Max Pain = 1.15 (tarih seçimi başarılı: true)
2026-07-27T10:15:32.129Z 1 toplam kayıt "/home/runner/work/mxpain/mxpain/solxprmxpn.json" dosyasına yazıldı.
2026-07-28T06:00:05.114Z Bu çalıştırma için hedef vade: 31 Jul 26
2026-07-28T06:00:09.475Z [BTC] sayfaya gidiliyor: https://www.deribit.com/statistics/BTC/Metrics/Options
2026-07-28T06:00:26.270Z Tarih seçici açıldı, kullanılan selector: .base-Select-root
2026-07-28T06:00:29.284Z UYARI: "base--active" class'ı doğrulanamadı, sabit bekleme ile devam ediliyor.
2026-07-28T06:00:31.414Z Tarih seçildi: "31 Jul 26" (selector: .base-Option-root)
2026-07-28T06:00:33.930Z [BTC] Max Pain = 64500 (tarih seçimi başarılı: true)
2026-07-28T06:00:35.104Z [ETH] sayfaya gidiliyor: https://www.deribit.com/statistics/ETH/Metrics/Options
2026-07-28T06:00:44.006Z Tarih seçici açıldı, kullanılan selector: .base-Select-root
2026-07-28T06:00:47.019Z UYARI: "base--active" class'ı doğrulanamadı, sabit bekleme ile devam ediliyor.
2026-07-28T06:00:47.946Z Tarih seçildi: "31 Jul 26" (selector: .base-Option-root)
2026-07-28T06:00:50.480Z [ETH] Max Pain = 1800 (tarih seçimi başarılı: true)
2026-07-28T06:00:51.607Z [SOL] sayfaya gidiliyor: https://www.deribit.com/statistics/SOL/Metrics/Options
2026-07-28T06:01:01.726Z Tarih seçici açıldı, kullanılan selector: .base-Select-root
2026-07-28T06:01:04.783Z UYARI: "base--active" class'ı doğrulanamadı, sabit bekleme ile devam ediliyor.
2026-07-28T06:01:09.384Z Tarih seçildi: "31 Jul 26" (selector: .base-Option-root)
2026-07-28T06:01:11.906Z [SOL] Max Pain = 75 (tarih seçimi başarılı: true)
2026-07-28T06:01:13.004Z [XRP] sayfaya gidiliyor: https://www.deribit.com/statistics/XRP/Metrics/Options
2026-07-28T06:01:23.577Z Tarih seçici açıldı, kullanılan selector: .base-Select-root
2026-07-28T06:01:26.581Z UYARI: "base--active" class'ı doğrulanamadı, sabit bekleme ile devam ediliyor.
2026-07-28T06:01:28.953Z Tarih seçildi: "31 Jul 26" (selector: .base-Option-root)
2026-07-28T06:01:31.462Z [XRP] Max Pain = 1.15 (tarih seçimi başarılı: true)
2026-07-28T06:01:32.894Z 1 toplam kayıt "/home/scraper/mxpain/solxprmxpn.json" dosyasına yazıldı.
2026-07-28T09:15:21.471Z Bu çalıştırma için hedef vade: 31 Jul 26
2026-07-28T09:15:22.249Z [BTC] sayfaya gidiliyor: https://www.deribit.com/statistics/BTC/Metrics/Options
2026-07-28T09:15:26.294Z Tarih seçici açıldı, kullanılan selector: .base-Select-root
2026-07-28T09:15:29.296Z UYARI: "base--active" class'ı doğrulanamadı, sabit bekleme ile devam ediliyor.
2026-07-28T09:15:29.762Z Tarih seçildi: "31 Jul 26" (selector: .base-Option-root)
2026-07-28T09:15:32.265Z [BTC] Max Pain = 64500 (tarih seçimi başarılı: true)
2026-07-28T09:15:33.282Z [ETH] sayfaya gidiliyor: https://www.deribit.com/statistics/ETH/Metrics/Options
2026-07-28T09:15:37.157Z Tarih seçici açıldı, kullanılan selector: .base-Select-root
2026-07-28T09:15:40.160Z UYARI: "base--active" class'ı doğrulanamadı, sabit bekleme ile devam ediliyor.
2026-07-28T09:15:40.623Z Tarih seçildi: "31 Jul 26" (selector: .base-Option-root)
2026-07-28T09:15:43.125Z [ETH] Max Pain = 1800 (tarih seçimi başarılı: true)
2026-07-28T09:15:44.140Z [SOL] sayfaya gidiliyor: https://www.deribit.com/statistics/SOL/Metrics/Options
2026-07-28T09:15:47.922Z Tarih seçici açıldı, kullanılan selector: .base-Select-root
2026-07-28T09:15:50.926Z UYARI: "base--active" class'ı doğrulanamadı, sabit bekleme ile devam ediliyor.
2026-07-28T09:15:51.386Z Tarih seçildi: "31 Jul 26" (selector: .base-Option-root)
2026-07-28T09:15:53.888Z [SOL] Max Pain = 75 (tarih seçimi başarılı: true)
2026-07-28T09:15:54.903Z [XRP] sayfaya gidiliyor: https://www.deribit.com/statistics/XRP/Metrics/Options
2026-07-28T09:15:58.670Z Tarih seçici açıldı, kullanılan selector: .base-Select-root
2026-07-28T09:16:01.672Z UYARI: "base--active" class'ı doğrulanamadı, sabit bekleme ile devam ediliyor.
2026-07-28T09:16:02.121Z Tarih seçildi: "31 Jul 26" (selector: .base-Option-root)
2026-07-28T09:16:04.624Z [XRP] Max Pain = 1.15 (tarih seçimi başarılı: true)
2026-07-28T09:16:05.739Z 1 toplam kayıt "/home/runner/work/mxpain/mxpain/solxprmxpn.json" dosyasına yazıldı.
2026-07-29T06:00:04.827Z Bu çalıştırma için hedef vade: 31 Jul 26
2026-07-29T06:00:07.154Z [BTC] sayfaya gidiliyor: https://www.deribit.com/statistics/BTC/Metrics/Options
2026-07-29T06:00:16.563Z Tarih seçici açıldı, kullanılan selector: .base-Select-root
2026-07-29T06:00:19.571Z UYARI: "base--active" class'ı doğrulanamadı, sabit bekleme ile devam ediliyor.
2026-07-29T06:00:20.343Z Tarih seçildi: "31 Jul 26" (selector: .base-Option-root)
2026-07-29T06:00:22.861Z [BTC] Max Pain = 64000 (tarih seçimi başarılı: true)
2026-07-29T06:00:23.956Z [ETH] sayfaya gidiliyor: https://www.deribit.com/statistics/ETH/Metrics/Options
2026-07-29T06:00:32.087Z Tarih seçici açıldı, kullanılan selector: .base-Select-root
2026-07-29T06:00:35.092Z UYARI: "base--active" class'ı doğrulanamadı, sabit bekleme ile devam ediliyor.
2026-07-29T06:00:35.905Z Tarih seçildi: "31 Jul 26" (selector: .base-Option-root)
2026-07-29T06:00:38.412Z [ETH] Max Pain = 1800 (tarih seçimi başarılı: true)
2026-07-29T06:00:39.448Z [SOL] sayfaya gidiliyor: https://www.deribit.com/statistics/SOL/Metrics/Options
2026-07-29T06:00:47.663Z Tarih seçici açıldı, kullanılan selector: .base-Select-root
2026-07-29T06:00:50.668Z UYARI: "base--active" class'ı doğrulanamadı, sabit bekleme ile devam ediliyor.
2026-07-29T06:00:51.223Z Tarih seçildi: "31 Jul 26" (selector: .base-Option-root)
2026-07-29T06:00:53.728Z [SOL] Max Pain = 75 (tarih seçimi başarılı: true)
2026-07-29T06:00:54.758Z [XRP] sayfaya gidiliyor: https://www.deribit.com/statistics/XRP/Metrics/Options
2026-07-29T06:01:04.980Z Tarih seçici açıldı, kullanılan selector: .base-Select-root
2026-07-29T06:01:07.987Z UYARI: "base--active" class'ı doğrulanamadı, sabit bekleme ile devam ediliyor.
2026-07-29T06:01:08.579Z Tarih seçildi: "31 Jul 26" (selector: .base-Option-root)
2026-07-29T06:01:11.085Z [XRP] Max Pain = 1.15 (tarih seçimi başarılı: true)
2026-07-29T06:01:12.433Z 1 toplam kayıt "/home/scraper/mxpain/solxprmxpn.json" dosyasına yazıldı.
2026-07-29T09:20:07.327Z Bu çalıştırma için hedef vade: 31 Jul 26
2026-07-29T09:20:07.803Z [BTC] sayfaya gidiliyor: https://www.deribit.com/statistics/BTC/Metrics/Options
2026-07-29T09:20:11.862Z Tarih seçici açıldı, kullanılan selector: .base-Select-root
2026-07-29T09:20:14.864Z UYARI: "base--active" class'ı doğrulanamadı, sabit bekleme ile devam ediliyor.
2026-07-29T09:20:15.323Z Tarih seçildi: "31 Jul 26" (selector: .base-Option-root)
2026-07-29T09:20:17.825Z [BTC] Max Pain = 64000 (tarih seçimi başarılı: true)
2026-07-29T09:20:18.838Z [ETH] sayfaya gidiliyor: https://www.deribit.com/statistics/ETH/Metrics/Options
2026-07-29T09:20:22.677Z Tarih seçici açıldı, kullanılan selector: .base-Select-root
2026-07-29T09:20:25.680Z UYARI: "base--active" class'ı doğrulanamadı, sabit bekleme ile devam ediliyor.
2026-07-29T09:20:26.142Z Tarih seçildi: "31 Jul 26" (selector: .base-Option-root)
2026-07-29T09:20:28.643Z [ETH] Max Pain = 1800 (tarih seçimi başarılı: true)
2026-07-29T09:20:29.654Z [SOL] sayfaya gidiliyor: https://www.deribit.com/statistics/SOL/Metrics/Options
2026-07-29T09:20:33.409Z Tarih seçici açıldı, kullanılan selector: .base-Select-root
2026-07-29T09:20:36.411Z UYARI: "base--active" class'ı doğrulanamadı, sabit bekleme ile devam ediliyor.
2026-07-29T09:20:36.867Z Tarih seçildi: "31 Jul 26" (selector: .base-Option-root)
2026-07-29T09:20:39.367Z [SOL] Max Pain = 75 (tarih seçimi başarılı: true)
2026-07-29T09:20:40.381Z [XRP] sayfaya gidiliyor: https://www.deribit.com/statistics/XRP/Metrics/Options
2026-07-29T09:20:44.141Z Tarih seçici açıldı, kullanılan selector: .base-Select-root
2026-07-29T09:20:47.143Z UYARI: "base--active" class'ı doğrulanamadı, sabit bekleme ile devam ediliyor.
2026-07-29T09:20:47.591Z Tarih seçildi: "31 Jul 26" (selector: .base-Option-root)
2026-07-29T09:20:50.093Z [XRP] Max Pain = 1.15 (tarih seçimi başarılı: true)
2026-07-29T09:20:51.206Z 1 toplam kayıt "/home/runner/work/mxpain/mxpain/solxprmxpn.json" dosyasına yazıldı.
2026-07-30T06:00:04.151Z Bu çalıştırma için hedef vade: 31 Jul 26
2026-07-30T06:00:06.888Z [BTC] sayfaya gidiliyor: https://www.deribit.com/statistics/BTC/Metrics/Options
2026-07-30T06:00:15.974Z Tarih seçici açıldı, kullanılan selector: .base-Select-root
2026-07-30T06:00:18.984Z UYARI: "base--active" class'ı doğrulanamadı, sabit bekleme ile devam ediliyor.
2026-07-30T06:00:19.675Z Tarih seçildi: "31 Jul 26" (selector: .base-Option-root)
2026-07-30T06:00:22.184Z [BTC] Max Pain = 64000 (tarih seçimi başarılı: true)
2026-07-30T06:00:23.279Z [ETH] sayfaya gidiliyor: https://www.deribit.com/statistics/ETH/Metrics/Options
2026-07-30T06:00:31.949Z Tarih seçici açıldı, kullanılan selector: .base-Select-root
2026-07-30T06:00:34.955Z UYARI: "base--active" class'ı doğrulanamadı, sabit bekleme ile devam ediliyor.
2026-07-30T06:00:35.597Z Tarih seçildi: "31 Jul 26" (selector: .base-Option-root)
2026-07-30T06:00:38.102Z [ETH] Max Pain = 1800 (tarih seçimi başarılı: true)
2026-07-30T06:00:39.147Z [SOL] sayfaya gidiliyor: https://www.deribit.com/statistics/SOL/Metrics/Options
2026-07-30T06:00:47.030Z Tarih seçici açıldı, kullanılan selector: .base-Select-root
2026-07-30T06:00:50.037Z UYARI: "base--active" class'ı doğrulanamadı, sabit bekleme ile devam ediliyor.
2026-07-30T06:00:50.611Z Tarih seçildi: "31 Jul 26" (selector: .base-Option-root)
2026-07-30T06:00:53.117Z [SOL] Max Pain = 75 (tarih seçimi başarılı: true)
2026-07-30T06:00:54.162Z [XRP] sayfaya gidiliyor: https://www.deribit.com/statistics/XRP/Metrics/Options
2026-07-30T06:01:01.690Z Tarih seçici açıldı, kullanılan selector: .base-Select-root
2026-07-30T06:01:04.699Z UYARI: "base--active" class'ı doğrulanamadı, sabit bekleme ile devam ediliyor.
2026-07-30T06:01:05.371Z Tarih seçildi: "31 Jul 26" (selector: .base-Option-root)
2026-07-30T06:01:07.877Z [XRP] Max Pain = 1.15 (tarih seçimi başarılı: true)
2026-07-30T06:01:09.176Z 1 toplam kayıt "/home/scraper/mxpain/solxprmxpn.json" dosyasına yazıldı.
2026-07-30T09:11:41.338Z Bu çalıştırma için hedef vade: 31 Jul 26
2026-07-30T09:11:41.757Z [BTC] sayfaya gidiliyor: https://www.deribit.com/statistics/BTC/Metrics/Options
2026-07-30T09:11:45.835Z Tarih seçici açıldı, kullanılan selector: .base-Select-root
2026-07-30T09:11:48.837Z UYARI: "base--active" class'ı doğrulanamadı, sabit bekleme ile devam ediliyor.
2026-07-30T09:11:49.303Z Tarih seçildi: "31 Jul 26" (selector: .base-Option-root)
2026-07-30T09:11:51.806Z [BTC] Max Pain = 64000 (tarih seçimi başarılı: true)
2026-07-30T09:11:52.820Z [ETH] sayfaya gidiliyor: https://www.deribit.com/statistics/ETH/Metrics/Options
2026-07-30T09:11:56.667Z Tarih seçici açıldı, kullanılan selector: .base-Select-root
2026-07-30T09:11:59.670Z UYARI: "base--active" class'ı doğrulanamadı, sabit bekleme ile devam ediliyor.
2026-07-30T09:12:00.136Z Tarih seçildi: "31 Jul 26" (selector: .base-Option-root)
2026-07-30T09:12:02.639Z [ETH] Max Pain = 1800 (tarih seçimi başarılı: true)
2026-07-30T09:12:03.651Z [SOL] sayfaya gidiliyor: https://www.deribit.com/statistics/SOL/Metrics/Options
2026-07-30T09:12:07.400Z Tarih seçici açıldı, kullanılan selector: .base-Select-root
2026-07-30T09:12:10.403Z UYARI: "base--active" class'ı doğrulanamadı, sabit bekleme ile devam ediliyor.
2026-07-30T09:12:10.859Z Tarih seçildi: "31 Jul 26" (selector: .base-Option-root)
2026-07-30T09:12:13.360Z [SOL] Max Pain = 75 (tarih seçimi başarılı: true)
2026-07-30T09:12:14.373Z [XRP] sayfaya gidiliyor: https://www.deribit.com/statistics/XRP/Metrics/Options
2026-07-30T09:12:18.131Z Tarih seçici açıldı, kullanılan selector: .base-Select-root
2026-07-30T09:12:21.134Z UYARI: "base--active" class'ı doğrulanamadı, sabit bekleme ile devam ediliyor.
2026-07-30T09:12:21.581Z Tarih seçildi: "31 Jul 26" (selector: .base-Option-root)
2026-07-30T09:12:24.083Z [XRP] Max Pain = 1.15 (tarih seçimi başarılı: true)
2026-07-30T09:12:25.184Z 1 toplam kayıt "/home/runner/work/mxpain/mxpain/solxprmxpn.json" dosyasına yazıldı.
2026-07-31T06:00:04.728Z Bu çalıştırma için hedef vade: 31 Jul 26
2026-07-31T06:00:08.065Z [BTC] sayfaya gidiliyor: https://www.deribit.com/statistics/BTC/Metrics/Options
2026-07-31T06:00:17.611Z Tarih seçici açıldı, kullanılan selector: .base-Select-root
2026-07-31T06:00:20.619Z UYARI: "base--active" class'ı doğrulanamadı, sabit bekleme ile devam ediliyor.
2026-07-31T06:00:21.441Z Tarih seçildi: "31 Jul 26" (selector: .base-Option-root)
2026-07-31T06:00:23.957Z [BTC] Max Pain = 64000 (tarih seçimi başarılı: true)
2026-07-31T06:00:25.058Z [ETH] sayfaya gidiliyor: https://www.deribit.com/statistics/ETH/Metrics/Options
2026-07-31T06:00:32.822Z Tarih seçici açıldı, kullanılan selector: .base-Select-root
2026-07-31T06:00:35.837Z UYARI: "base--active" class'ı doğrulanamadı, sabit bekleme ile devam ediliyor.
2026-07-31T06:00:36.520Z Tarih seçildi: "31 Jul 26" (selector: .base-Option-root)
2026-07-31T06:00:39.026Z [ETH] Max Pain = 1850 (tarih seçimi başarılı: true)
2026-07-31T06:00:40.064Z [SOL] sayfaya gidiliyor: https://www.deribit.com/statistics/SOL/Metrics/Options
2026-07-31T06:00:47.168Z Tarih seçici açıldı, kullanılan selector: .base-Select-root
2026-07-31T06:00:50.174Z UYARI: "base--active" class'ı doğrulanamadı, sabit bekleme ile devam ediliyor.
2026-07-31T06:00:50.838Z Tarih seçildi: "31 Jul 26" (selector: .base-Option-root)
2026-07-31T06:00:53.345Z [SOL] Max Pain = 75 (tarih seçimi başarılı: true)
2026-07-31T06:00:54.414Z [XRP] sayfaya gidiliyor: https://www.deribit.com/statistics/XRP/Metrics/Options
2026-07-31T06:01:03.170Z Tarih seçici açıldı, kullanılan selector: .base-Select-root
2026-07-31T06:01:06.175Z UYARI: "base--active" class'ı doğrulanamadı, sabit bekleme ile devam ediliyor.
2026-07-31T06:01:06.781Z Tarih seçildi: "31 Jul 26" (selector: .base-Option-root)
2026-07-31T06:01:09.288Z [XRP] Max Pain = 1.15 (tarih seçimi başarılı: true)
2026-07-31T06:01:10.664Z 1 toplam kayıt "/home/scraper/mxpain/solxprmxpn.json" dosyasına yazıldı.
2026-07-31T09:22:59.815Z Bu çalıştırma için hedef vade: 31 Jul 26
2026-07-31T09:23:00.165Z [BTC] sayfaya gidiliyor: https://www.deribit.com/statistics/BTC/Metrics/Options
2026-07-31T09:23:04.328Z Tarih seçici açıldı, kullanılan selector: .base-Select-root
2026-07-31T09:23:07.331Z UYARI: "base--active" class'ı doğrulanamadı, sabit bekleme ile devam ediliyor.
2026-07-31T09:23:07.950Z UYARI: "31 Jul 26" eşleşen bir tarih seçeneği bulunamadı.
2026-07-31T09:23:10.454Z [BTC] UYARI: Max Pain değeri sayfada bulunamadı.
2026-07-31T09:23:11.469Z [ETH] sayfaya gidiliyor: https://www.deribit.com/statistics/ETH/Metrics/Options
2026-07-31T09:23:15.308Z Tarih seçici açıldı, kullanılan selector: .base-Select-root
2026-07-31T09:23:18.311Z UYARI: "base--active" class'ı doğrulanamadı, sabit bekleme ile devam ediliyor.
2026-07-31T09:23:18.901Z UYARI: "31 Jul 26" eşleşen bir tarih seçeneği bulunamadı.
2026-07-31T09:23:21.404Z [ETH] UYARI: Max Pain değeri sayfada bulunamadı.
2026-07-31T09:23:22.417Z [SOL] sayfaya gidiliyor: https://www.deribit.com/statistics/SOL/Metrics/Options
2026-07-31T09:23:26.238Z Tarih seçici açıldı, kullanılan selector: .base-Select-root
2026-07-31T09:23:29.241Z UYARI: "base--active" class'ı doğrulanamadı, sabit bekleme ile devam ediliyor.
2026-07-31T09:23:29.786Z UYARI: "31 Jul 26" eşleşen bir tarih seçeneği bulunamadı.
2026-07-31T09:23:32.289Z [SOL] UYARI: Max Pain değeri sayfada bulunamadı.
2026-07-31T09:23:33.304Z [XRP] sayfaya gidiliyor: https://www.deribit.com/statistics/XRP/Metrics/Options
2026-07-31T09:23:37.155Z Tarih seçici açıldı, kullanılan selector: .base-Select-root
2026-07-31T09:23:40.158Z UYARI: "base--active" class'ı doğrulanamadı, sabit bekleme ile devam ediliyor.
2026-07-31T09:23:40.694Z UYARI: "31 Jul 26" eşleşen bir tarih seçeneği bulunamadı.
2026-07-31T09:23:43.197Z [XRP] UYARI: Max Pain değeri sayfada bulunamadı.
2026-07-31T09:23:44.296Z 1 toplam kayıt "/home/runner/work/mxpain/mxpain/solxprmxpn.json" dosyasına yazıldı.
2026-08-01T06:00:05.056Z Bu çalıştırma için hedef vade: 31 Aug 26
2026-08-01T06:00:08.100Z [BTC] sayfaya gidiliyor: https://www.deribit.com/statistics/BTC/Metrics/Options
2026-08-01T06:00:27.808Z Tarih seçici açıldı, kullanılan selector: button.base-Select-root
2026-08-01T06:00:30.849Z UYARI: "base--active" class'ı doğrulanamadı, sabit bekleme ile devam ediliyor.
2026-08-01T06:00:36.847Z UYARI: "31 Aug 26" eşleşen bir tarih seçeneği bulunamadı.
2026-08-01T06:00:39.362Z [BTC] UYARI: Max Pain değeri sayfada bulunamadı.
2026-08-01T06:00:40.483Z [ETH] sayfaya gidiliyor: https://www.deribit.com/statistics/ETH/Metrics/Options
2026-08-01T06:00:54.097Z Tarih seçici açıldı, kullanılan selector: .base-Select-root
2026-08-01T06:00:57.112Z UYARI: "base--active" class'ı doğrulanamadı, sabit bekleme ile devam ediliyor.
2026-08-01T06:01:05.143Z UYARI: "31 Aug 26" eşleşen bir tarih seçeneği bulunamadı.
2026-08-01T06:01:07.651Z [ETH] UYARI: Max Pain değeri sayfada bulunamadı.
2026-08-01T06:01:08.712Z [SOL] sayfaya gidiliyor: https://www.deribit.com/statistics/SOL/Metrics/Options
2026-08-01T06:01:21.363Z Tarih seçici açıldı, kullanılan selector: .base-Select-root
2026-08-01T06:01:24.391Z UYARI: "base--active" class'ı doğrulanamadı, sabit bekleme ile devam ediliyor.
2026-08-01T06:01:28.715Z UYARI: "31 Aug 26" eşleşen bir tarih seçeneği bulunamadı.
2026-08-01T06:01:31.224Z [SOL] UYARI: Max Pain değeri sayfada bulunamadı.
2026-08-01T06:01:32.304Z [XRP] sayfaya gidiliyor: https://www.deribit.com/statistics/XRP/Metrics/Options
2026-08-01T06:01:43.772Z Tarih seçici açıldı, kullanılan selector: .base-Select-root
2026-08-01T06:01:46.791Z UYARI: "base--active" class'ı doğrulanamadı, sabit bekleme ile devam ediliyor.
2026-08-01T06:01:50.186Z UYARI: "31 Aug 26" eşleşen bir tarih seçeneği bulunamadı.
2026-08-01T06:01:52.705Z [XRP] UYARI: Max Pain değeri sayfada bulunamadı.
2026-08-01T06:01:54.234Z 1 toplam kayıt "/home/scraper/mxpain/solxprmxpn.json" dosyasına yazıldı.
2026-08-01T07:18:34.968Z Bu çalıştırma için hedef vade: 28 Aug 26
2026-08-01T07:18:36.329Z [BTC] sayfaya gidiliyor: https://www.deribit.com/statistics/BTC/Metrics/Options
2026-08-01T07:18:48.085Z Tarih seçici açıldı, kullanılan selector: .base-Select-root
2026-08-01T07:18:51.092Z UYARI: "base--active" class'ı doğrulanamadı, sabit bekleme ile devam ediliyor.
2026-08-01T07:18:51.910Z Tarih seçildi: "28 Aug 26" (selector: .base-Option-root)
2026-08-01T07:18:54.416Z [BTC] Max Pain = 63000 (tarih seçimi başarılı: true)
2026-08-01T07:18:55.488Z [ETH] sayfaya gidiliyor: https://www.deribit.com/statistics/ETH/Metrics/Options
2026-08-01T07:19:04.895Z Tarih seçici açıldı, kullanılan selector: .base-Select-root
2026-08-01T07:19:07.902Z UYARI: "base--active" class'ı doğrulanamadı, sabit bekleme ile devam ediliyor.
2026-08-01T07:19:08.705Z Tarih seçildi: "28 Aug 26" (selector: .base-Option-root)
2026-08-01T07:19:11.212Z [ETH] Max Pain = 1850 (tarih seçimi başarılı: true)
2026-08-01T07:19:12.273Z [SOL] sayfaya gidiliyor: https://www.deribit.com/statistics/SOL/Metrics/Options
2026-08-01T07:19:21.472Z Tarih seçici açıldı, kullanılan selector: .base-Select-root
2026-08-01T07:19:24.478Z UYARI: "base--active" class'ı doğrulanamadı, sabit bekleme ile devam ediliyor.
2026-08-01T07:19:25.106Z Tarih seçildi: "28 Aug 26" (selector: .base-Option-root)
2026-08-01T07:19:27.616Z [SOL] Max Pain = 80 (tarih seçimi başarılı: true)
2026-08-01T07:19:28.668Z [XRP] sayfaya gidiliyor: https://www.deribit.com/statistics/XRP/Metrics/Options
2026-08-01T07:19:42.289Z Tarih seçici açıldı, kullanılan selector: button.base-Select-root
2026-08-01T07:19:45.295Z UYARI: "base--active" class'ı doğrulanamadı, sabit bekleme ile devam ediliyor.
2026-08-01T07:19:45.892Z Tarih seçildi: "28 Aug 26" (selector: .base-Option-root)
2026-08-01T07:19:48.402Z [XRP] Max Pain = 1.1 (tarih seçimi başarılı: true)
2026-08-01T07:19:49.750Z 1 toplam kayıt "/home/scraper/mxpain/solxprmxpn.json" dosyasına yazıldı.
2026-08-01T08:38:34.647Z Bu çalıştırma için hedef vade: 28 Aug 26
2026-08-01T08:38:35.361Z [BTC] sayfaya gidiliyor: https://www.deribit.com/statistics/BTC/Metrics/Options
2026-08-01T08:38:39.292Z Tarih seçici açıldı, kullanılan selector: .base-Select-root
2026-08-01T08:38:42.292Z UYARI: "base--active" class'ı doğrulanamadı, sabit bekleme ile devam ediliyor.
2026-08-01T08:38:42.768Z Tarih seçildi: "28 Aug 26" (selector: .base-Option-root)
2026-08-01T08:38:45.269Z [BTC] Max Pain = 63000 (tarih seçimi başarılı: true)
2026-08-01T08:38:46.282Z [ETH] sayfaya gidiliyor: https://www.deribit.com/statistics/ETH/Metrics/Options
2026-08-01T08:38:50.092Z Tarih seçici açıldı, kullanılan selector: .base-Select-root
2026-08-01T08:38:53.095Z UYARI: "base--active" class'ı doğrulanamadı, sabit bekleme ile devam ediliyor.
2026-08-01T08:38:53.570Z Tarih seçildi: "28 Aug 26" (selector: .base-Option-root)
2026-08-01T08:38:56.073Z [ETH] Max Pain = 1850 (tarih seçimi başarılı: true)
2026-08-01T08:38:57.084Z [SOL] sayfaya gidiliyor: https://www.deribit.com/statistics/SOL/Metrics/Options
2026-08-01T08:39:00.838Z Tarih seçici açıldı, kullanılan selector: .base-Select-root
2026-08-01T08:39:03.840Z UYARI: "base--active" class'ı doğrulanamadı, sabit bekleme ile devam ediliyor.
2026-08-01T08:39:04.296Z Tarih seçildi: "28 Aug 26" (selector: .base-Option-root)
2026-08-01T08:39:06.798Z [SOL] Max Pain = 80 (tarih seçimi başarılı: true)
2026-08-01T08:39:07.811Z [XRP] sayfaya gidiliyor: https://www.deribit.com/statistics/XRP/Metrics/Options
2026-08-01T08:39:11.554Z Tarih seçici açıldı, kullanılan selector: .base-Select-root
2026-08-01T08:39:14.556Z UYARI: "base--active" class'ı doğrulanamadı, sabit bekleme ile devam ediliyor.
2026-08-01T08:39:15.006Z Tarih seçildi: "28 Aug 26" (selector: .base-Option-root)
2026-08-01T08:39:17.508Z [XRP] Max Pain = 1.1 (tarih seçimi başarılı: true)
2026-08-01T08:39:18.607Z 1 toplam kayıt "/home/runner/work/mxpain/mxpain/solxprmxpn.json" dosyasına yazıldı.
